Archive member included because of file (symbol)

/opt/Freescale/KDS_v3/toolchain/bin/../lib/gcc/arm-none-eabi/4.9.3/../../../../arm-none-eabi/lib/armv7e-m/fpu/libg_nano.a(lib_a-exit.o)
                              /opt/Freescale/KDS_v3/toolchain/bin/../lib/gcc/arm-none-eabi/4.9.3/../../../../arm-none-eabi/lib/armv7e-m/fpu/crt0.o (exit)
/opt/Freescale/KDS_v3/toolchain/bin/../lib/gcc/arm-none-eabi/4.9.3/../../../../arm-none-eabi/lib/armv7e-m/fpu/libg_nano.a(lib_a-impure.o)
                              /opt/Freescale/KDS_v3/toolchain/bin/../lib/gcc/arm-none-eabi/4.9.3/../../../../arm-none-eabi/lib/armv7e-m/fpu/libg_nano.a(lib_a-exit.o) (_global_impure_ptr)
/opt/Freescale/KDS_v3/toolchain/bin/../lib/gcc/arm-none-eabi/4.9.3/../../../../arm-none-eabi/lib/armv7e-m/fpu/libg_nano.a(lib_a-init.o)
                              /opt/Freescale/KDS_v3/toolchain/bin/../lib/gcc/arm-none-eabi/4.9.3/../../../../arm-none-eabi/lib/armv7e-m/fpu/crt0.o (__libc_init_array)
/opt/Freescale/KDS_v3/toolchain/bin/../lib/gcc/arm-none-eabi/4.9.3/../../../../arm-none-eabi/lib/armv7e-m/fpu/libg_nano.a(lib_a-memset.o)
                              /opt/Freescale/KDS_v3/toolchain/bin/../lib/gcc/arm-none-eabi/4.9.3/../../../../arm-none-eabi/lib/armv7e-m/fpu/crt0.o (memset)
/opt/Freescale/KDS_v3/toolchain/bin/../lib/gcc/arm-none-eabi/4.9.3/../../../../arm-none-eabi/lib/armv7e-m/fpu/libg_nano.a(lib_a-sprintf.o)
                              ./Sources/Application.o (sprintf)
/opt/Freescale/KDS_v3/toolchain/bin/../lib/gcc/arm-none-eabi/4.9.3/../../../../arm-none-eabi/lib/armv7e-m/fpu/libg_nano.a(lib_a-nano-svfprintf.o)
                              /opt/Freescale/KDS_v3/toolchain/bin/../lib/gcc/arm-none-eabi/4.9.3/../../../../arm-none-eabi/lib/armv7e-m/fpu/libg_nano.a(lib_a-sprintf.o) (_svfprintf_r)
/opt/Freescale/KDS_v3/toolchain/bin/../lib/gcc/arm-none-eabi/4.9.3/../../../../arm-none-eabi/lib/armv7e-m/fpu/libg_nano.a(lib_a-nano-vfprintf_i.o)
                              /opt/Freescale/KDS_v3/toolchain/bin/../lib/gcc/arm-none-eabi/4.9.3/../../../../arm-none-eabi/lib/armv7e-m/fpu/libg_nano.a(lib_a-nano-svfprintf.o) (_printf_i)
/opt/Freescale/KDS_v3/toolchain/bin/../lib/gcc/arm-none-eabi/4.9.3/../../../../arm-none-eabi/lib/armv7e-m/fpu/libg_nano.a(lib_a-memchr.o)
                              /opt/Freescale/KDS_v3/toolchain/bin/../lib/gcc/arm-none-eabi/4.9.3/../../../../arm-none-eabi/lib/armv7e-m/fpu/libg_nano.a(lib_a-nano-svfprintf.o) (memchr)
/opt/Freescale/KDS_v3/toolchain/bin/../lib/gcc/arm-none-eabi/4.9.3/../../../../arm-none-eabi/lib/armv7e-m/fpu/libg_nano.a(lib_a-memcpy.o)
                              /opt/Freescale/KDS_v3/toolchain/bin/../lib/gcc/arm-none-eabi/4.9.3/../../../../arm-none-eabi/lib/armv7e-m/fpu/libg_nano.a(lib_a-nano-svfprintf.o) (memcpy)
/opt/Freescale/KDS_v3/toolchain/bin/../lib/gcc/arm-none-eabi/4.9.3/../../../../arm-none-eabi/lib/armv7e-m/fpu/libg_nano.a(lib_a-memmove.o)
                              /opt/Freescale/KDS_v3/toolchain/bin/../lib/gcc/arm-none-eabi/4.9.3/../../../../arm-none-eabi/lib/armv7e-m/fpu/libg_nano.a(lib_a-nano-svfprintf.o) (memmove)
/opt/Freescale/KDS_v3/toolchain/bin/../lib/gcc/arm-none-eabi/4.9.3/../../../../arm-none-eabi/lib/armv7e-m/fpu/libg_nano.a(lib_a-nano-freer.o)
                              /opt/Freescale/KDS_v3/toolchain/bin/../lib/gcc/arm-none-eabi/4.9.3/../../../../arm-none-eabi/lib/armv7e-m/fpu/libg_nano.a(lib_a-nano-svfprintf.o) (_free_r)
/opt/Freescale/KDS_v3/toolchain/bin/../lib/gcc/arm-none-eabi/4.9.3/../../../../arm-none-eabi/lib/armv7e-m/fpu/libg_nano.a(lib_a-nano-mallocr.o)
                              /opt/Freescale/KDS_v3/toolchain/bin/../lib/gcc/arm-none-eabi/4.9.3/../../../../arm-none-eabi/lib/armv7e-m/fpu/libg_nano.a(lib_a-nano-svfprintf.o) (_malloc_r)
/opt/Freescale/KDS_v3/toolchain/bin/../lib/gcc/arm-none-eabi/4.9.3/../../../../arm-none-eabi/lib/armv7e-m/fpu/libg_nano.a(lib_a-nano-reallocr.o)
                              /opt/Freescale/KDS_v3/toolchain/bin/../lib/gcc/arm-none-eabi/4.9.3/../../../../arm-none-eabi/lib/armv7e-m/fpu/libg_nano.a(lib_a-nano-svfprintf.o) (_realloc_r)
/opt/Freescale/KDS_v3/toolchain/bin/../lib/gcc/arm-none-eabi/4.9.3/../../../../arm-none-eabi/lib/armv7e-m/fpu/libg_nano.a(lib_a-sbrkr.o)
                              /opt/Freescale/KDS_v3/toolchain/bin/../lib/gcc/arm-none-eabi/4.9.3/../../../../arm-none-eabi/lib/armv7e-m/fpu/libg_nano.a(lib_a-nano-mallocr.o) (_sbrk_r)
/opt/Freescale/KDS_v3/toolchain/bin/../lib/gcc/arm-none-eabi/4.9.3/../../../../arm-none-eabi/lib/armv7e-m/fpu/libg_nano.a(lib_a-nano-msizer.o)
                              /opt/Freescale/KDS_v3/toolchain/bin/../lib/gcc/arm-none-eabi/4.9.3/../../../../arm-none-eabi/lib/armv7e-m/fpu/libg_nano.a(lib_a-nano-reallocr.o) (_malloc_usable_size_r)
/opt/Freescale/KDS_v3/toolchain/bin/../lib/gcc/arm-none-eabi/4.9.3/../../../../arm-none-eabi/lib/armv7e-m/fpu/libg_nano.a(lib_a-reent.o)
[...]
Memory Configuration

Name             Origin             Length             Attributes
m_interrupts     0x00000000         0x000001e8         xr
m_text           0x00000410         0x000ffbf0         xr
m_data           0x1fff0000         0x00010000         rw
m_data_20000000  0x20000000         0x00010000         rw
m_cfmprotrom     0x00000400         0x00000010         xr
*default*        0x00000000         0xffffffff

Linker script and memory map

LOAD /opt/Freescale/KDS_v3/toolchain/bin/../lib/gcc/arm-none-eabi/4.9.3/armv7e-m/fpu/crti.o
LOAD /opt/Freescale/KDS_v3/toolchain/bin/../lib/gcc/arm-none-eabi/4.9.3/armv7e-m/fpu/crtbegin.o
LOAD /opt/Freescale/KDS_v3/toolchain/bin/../lib/gcc/arm-none-eabi/4.9.3/../../../../arm-none-eabi/lib/armv7e-m/fpu/crt0.o
LOAD ./Sources/Application.o
LOAD ./Sources/CAN1_Events.o
LOAD ./Sources/Events.o
LOAD ./Sources/Timer1_Events.o
LOAD ./Sources/UART2_Events.o
LOAD ./Sources/main.o
LOAD ./Project_Settings/Startup_Code/startup.o
LOAD ./Generated_Code/AS1.o
LOAD ./Generated_Code/CAN1.o
LOAD ./Generated_Code/CS1.o
LOAD ./Generated_Code/CS2.o
LOAD ./Generated_Code/Cpu.o
LOAD ./Generated_Code/GREENLED.o
LOAD ./Generated_Code/KSDK1.o
LOAD ./Generated_Code/PE_LDD.o
LOAD ./Generated_Code/TU1.o
LOAD ./Generated_Code/UART_RxBuff.o
LOAD ./Generated_Code/Vectors.o
LOAD /opt/Freescale/KDS_v3/toolchain/bin/../lib/gcc/arm-none-eabi/4.9.3/../../../../arm-none-eabi/lib/armv7e-m/fpu/libstdc++_nano.a
LOAD /opt/Freescale/KDS_v3/toolchain/bin/../lib/gcc/arm-none-eabi/4.9.3/../../../../arm-none-eabi/lib/armv7e-m/fpu/libm.a
START GROUP
LOAD /opt/Freescale/KDS_v3/toolchain/bin/../lib/gcc/arm-none-eabi/4.9.3/armv7e-m/fpu/libgcc.a
LOAD /opt/Freescale/KDS_v3/toolchain/bin/../lib/gcc/arm-none-eabi/4.9.3/../../../../arm-none-eabi/lib/armv7e-m/fpu/libg_nano.a
LOAD /opt/Freescale/KDS_v3/toolchain/bin/../lib/gcc/arm-none-eabi/4.9.3/../../../../arm-none-eabi/lib/armv7e-m/fpu/libc_nano.a
END GROUP
START GROUP
LOAD /opt/Freescale/KDS_v3/toolchain/bin/../lib/gcc/arm-none-eabi/4.9.3/armv7e-m/fpu/libgcc.a
LOAD /opt/Freescale/KDS_v3/toolchain/bin/../lib/gcc/arm-none-eabi/4.9.3/../../../../arm-none-eabi/lib/armv7e-m/fpu/libc_nano.a
LOAD /opt/Freescale/KDS_v3/toolchain/bin/../lib/gcc/arm-none-eabi/4.9.3/../../../../arm-none-eabi/lib/armv7e-m/fpu/libnosys.a
END GROUP
START GROUP
LOAD /opt/Freescale/KDS_v3/toolchain/bin/../lib/gcc/arm-none-eabi/4.9.3/armv7e-m/fpu/libgcc.a
LOAD /opt/Freescale/KDS_v3/toolchain/bin/../lib/gcc/arm-none-eabi/4.9.3/../../../../arm-none-eabi/lib/armv7e-m/fpu/libc_nano.a
LOAD /opt/Freescale/KDS_v3/toolchain/bin/../lib/gcc/arm-none-eabi/4.9.3/../../../../arm-none-eabi/lib/armv7e-m/fpu/libnosys.a
END GROUP
LOAD /opt/Freescale/KDS_v3/toolchain/bin/../lib/gcc/arm-none-eabi/4.9.3/armv7e-m/fpu/crtend.o
LOAD /opt/Freescale/KDS_v3/toolchain/bin/../lib/gcc/arm-none-eabi/4.9.3/armv7e-m/fpu/crtn.o
                0x20000000                _estack = 0x20000000
                0x20000000                __SP_INIT = _estack
                0x20000000                __stack = _estack
                0x00000000                __heap_size = 0x0
                0x00000400                __stack_size = 0x400

.interrupts     0x00000000      0x1e8
                0x00000000                __vector_table = .
                0x00000000                . = ALIGN (0x4)
 *(.vectortable)
 .vectortable   0x00000000      0x1e8 ./Generated_Code/Vectors.o
                0x00000000                __vect_table
                0x000001e8                . = ALIGN (0x4)

.cfmprotect     0x00000400       0x10
                0x00000400                . = ALIGN (0x4)
 *(.cfmconfig)
 .cfmconfig     0x00000400       0x10 ./Generated_Code/Cpu.o
                0x00000400                _cfm
                0x00000410                . = ALIGN (0x4)

.text           0x00000410     0x2694
                0x00000410                . = ALIGN (0x4)
 *(.text)
 .text          0x00000410       0x5c /opt/Freescale/KDS_v3/toolchain/bin/../lib/gcc/arm-none-eabi/4.9.3/armv7e-m/fpu/crtbegin.o
 .text          0x0000046c       0x74 /opt/Freescale/KDS_v3/toolchain/bin/../lib/gcc/arm-none-eabi/4.9.3/../../../../arm-none-eabi/lib/armv7e-m/fpu/crt0.o
                0x0000046c                _mainCRTStartup
                0x0000046c                _start
 *(.text*)
 .text.SendChar
                0x000004e0       0x3c ./Sources/Application.o
 .text.SendString
                0x0000051c       0x2c ./Sources/Application.o
 .text.Init     0x00000548       0x68 ./Sources/Application.o
 .text.APP_Run  0x000005b0      0x400 ./Sources/Application.o
                0x000005b0                APP_Run
 .text.CAN1_OnFreeTxBuffer
                0x000009b0       0x20 ./Sources/CAN1_Events.o
                0x000009b0                CAN1_OnFreeTxBuffer
 .text.CAN1_OnTransmitWarning
                0x000009d0       0x14 ./Sources/CAN1_Events.o
                0x000009d0                CAN1_OnTransmitWarning
 .text.CAN1_OnBusOff
                0x000009e4       0x28 ./Sources/CAN1_Events.o
                0x000009e4                CAN1_OnBusOff
 .text.CAN1_OnError
                0x00000a0c       0x28 ./Sources/CAN1_Events.o
                0x00000a0c                CAN1_OnError
 .text.Cpu_OnNMIINT
                0x00000a34        0xc ./Sources/Events.o
                0x00000a34                Cpu_OnNMIINT
 .text.TU1_OnCounterRestart
                0x00000a40       0x1c ./Sources/Timer1_Events.o
                0x00000a40                TU1_OnCounterRestart
 .text.AS1_OnBlockReceived
                0x00000a5c       0x30 ./Sources/UART2_Events.o
                0x00000a5c                AS1_OnBlockReceived
 .text.AS1_OnBlockSent
                0x00000a8c       0x1c ./Sources/UART2_Events.o
                0x00000a8c                AS1_OnBlockSent
 .text.main     0x00000aa8       0x10 ./Sources/main.o
                0x00000aa8                main
 .text.__copy_rom_section
                0x00000ab8       0xe4 ./Project_Settings/Startup_Code/startup.o
                0x00000ab8                __copy_rom_section
 .text.__copy_rom_sections_to_ram
                0x00000b9c       0x9c ./Project_Settings/Startup_Code/startup.o
                0x00000b9c                __copy_rom_sections_to_ram
 .text.__init_registers
                0x00000c38       0x20 ./Project_Settings/Startup_Code/startup.o
                0x00000c38                __init_registers
 .text.__init_user
                0x00000c58        0xc ./Project_Settings/Startup_Code/startup.o
                0x00000c58                __init_user
 .text.__thumb_startup
                0x00000c64       0x34 ./Project_Settings/Startup_Code/startup.o
                0x00000c64                __thumb_startup
 .text.AS1_Init
                0x00000c98      0x1b4 ./Generated_Code/AS1.o
                0x00000c98                AS1_Init
 .text.AS1_ReceiveBlock
                0x00000e4c       0x90 ./Generated_Code/AS1.o
                0x00000e4c                AS1_ReceiveBlock
 .text.AS1_SendBlock
                0x00000edc       0xbc ./Generated_Code/AS1.o
                0x00000edc                AS1_SendBlock
 .text.InterruptRx
                0x00000f98       0x58 ./Generated_Code/AS1.o
 .text.InterruptTx
                0x00000ff0       0x80 ./Generated_Code/AS1.o
 .text.AS1_Interrupt
                0x00001070       0x68 ./Generated_Code/AS1.o
                0x00001070                AS1_Interrupt
 .text.CAN1_Init
                0x000010d8      0x334 ./Generated_Code/CAN1.o
                0x000010d8                CAN1_Init
 .text.CAN1_SendFrame
                0x0000140c      0x378 ./Generated_Code/CAN1.o
                0x0000140c                CAN1_SendFrame
 .text.CAN1_GetTransmitErrorCounter
                0x00001784       0x20 ./Generated_Code/CAN1.o
                0x00001784                CAN1_GetTransmitErrorCounter
 .text.CAN1_GetReceiveErrorCounter
                0x000017a4       0x24 ./Generated_Code/CAN1.o
                0x000017a4                CAN1_GetReceiveErrorCounter
 .text.CAN1_GetError
                0x000017c8       0x70 ./Generated_Code/CAN1.o
                0x000017c8                CAN1_GetError
 .text.CAN1_InterruptError
                0x00001838       0x58 ./Generated_Code/CAN1.o
                0x00001838                CAN1_InterruptError
 .text.CAN1_InterruptBusOff
                0x00001890       0x48 ./Generated_Code/CAN1.o
                0x00001890                CAN1_InterruptBusOff
 .text.CAN1_InterruptRxTx
                0x000018d8       0x84 ./Generated_Code/CAN1.o
                0x000018d8                CAN1_InterruptRxTx
 .text.CAN1_InterruptTxWarn
                0x0000195c       0x48 ./Generated_Code/CAN1.o
                0x0000195c                CAN1_InterruptTxWarn
 .text.CAN1_InterruptRxWarn
                0x000019a4       0x3c ./Generated_Code/CAN1.o
                0x000019a4                CAN1_InterruptRxWarn
 .text.CAN1_InterruptWakeUp
                0x000019e0       0x3c ./Generated_Code/CAN1.o
                0x000019e0                CAN1_InterruptWakeUp
 .text.Cpu_INT_NMIInterrupt
                0x00001a1c       0x1c ./Generated_Code/Cpu.o
                0x00001a1c                Cpu_INT_NMIInterrupt
 .text.Cpu_Interrupt
                0x00001a38       0x18 ./Generated_Code/Cpu.o
                0x00001a38                Cpu_Interrupt
 .text.__init_hardware
                0x00001a50      0x164 ./Generated_Code/Cpu.o
                0x00001a50                __init_hardware
 .text.Cpu_SetBASEPRI
                0x00001bb4       0x18 ./Generated_Code/Cpu.o
                0x00001bb4                Cpu_SetBASEPRI
 .text.PE_low_level_init
                0x00001bcc       0xfc ./Generated_Code/Cpu.o
                0x00001bcc                PE_low_level_init
 .text.GREENLED_Init
                0x00001cc8       0x64 ./Generated_Code/GREENLED.o
                0x00001cc8                GREENLED_Init
 .text.GREENLED_NegVal
                0x00001d2c       0x20 ./Generated_Code/GREENLED.o
                0x00001d2c                GREENLED_NegVal
 .text.TU1_Init
                0x00001d4c       0xd4 ./Generated_Code/TU1.o
                0x00001d4c                TU1_Init
 .text.TU1_Interrupt
                0x00001e20       0x6c ./Generated_Code/TU1.o
                0x00001e20                TU1_Interrupt
 .text.UART_RxBuff_Put
                0x00001e8c       0x78 ./Generated_Code/UART_RxBuff.o
                0x00001e8c                UART_RxBuff_Put
 .text.UART_RxBuff_Get
                0x00001f04       0x78 ./Generated_Code/UART_RxBuff.o
                0x00001f04                UART_RxBuff_Get
 .text.UART_RxBuff_NofElements
                0x00001f7c       0x18 ./Generated_Code/UART_RxBuff.o
                0x00001f7c                UART_RxBuff_NofElements
 .text.UART_RxBuff_Init
                0x00001f94       0x2c ./Generated_Code/UART_RxBuff.o
                0x00001f94                UART_RxBuff_Init
 .text.exit     0x00001fc0       0x28 /opt/Freescale/KDS_v3/toolchain/bin/../lib/gcc/arm-none-eabi/4.9.3/../../../../arm-none-eabi/lib/armv7e-m/fpu/libg_nano.a(lib_a-exit.o)
                0x00001fc0                exit
 .text.__libc_init_array
                0x00001fe8       0x4c /opt/Freescale/KDS_v3/toolchain/bin/../lib/gcc/arm-none-eabi/4.9.3/../../../../arm-none-eabi/lib/armv7e-m/fpu/libg_nano.a(lib_a-init.o)
                0x00001fe8                __libc_init_array
 .text.memset   0x00002034       0x10 /opt/Freescale/KDS_v3/toolchain/bin/../lib/gcc/arm-none-eabi/4.9.3/../../../../arm-none-eabi/lib/armv7e-m/fpu/libg_nano.a(lib_a-memset.o)
                0x00002034                memset
 .text.sprintf  0x00002044       0x48 /opt/Freescale/KDS_v3/toolchain/bin/../lib/gcc/arm-none-eabi/4.9.3/../../../../arm-none-eabi/lib/armv7e-m/fpu/libg_nano.a(lib_a-sprintf.o)
                0x00002044                sprintf
                0x00002044                siprintf
 .text.__ssputs_r
                0x0000208c       0xb2 /opt/Freescale/KDS_v3/toolchain/bin/../lib/gcc/arm-none-eabi/4.9.3/../../../../arm-none-eabi/lib/armv7e-m/fpu/libg_nano.a(lib_a-nano-svfprintf.o)
                0x0000208c                __ssputs_r
 *fill*         0x0000213e        0x2 
 .text._svfprintf_r
                0x00002140      0x1e4 /opt/Freescale/KDS_v3/toolchain/bin/../lib/gcc/arm-none-eabi/4.9.3/../../../../arm-none-eabi/lib/armv7e-m/fpu/libg_nano.a(lib_a-nano-svfprintf.o)
                0x00002140                _svfprintf_r
                0x00002140                _svfiprintf_r
 .text._printf_common
                0x00002324       0xea /opt/Freescale/KDS_v3/toolchain/bin/../lib/gcc/arm-none-eabi/4.9.3/../../../../arm-none-eabi/lib/armv7e-m/fpu/libg_nano.a(lib_a-nano-vfprintf_i.o)
                0x00002324                _printf_common
 *fill*         0x0000240e        0x2 
 .text._printf_i
                0x00002410      0x240 /opt/Freescale/KDS_v3/toolchain/bin/../lib/gcc/arm-none-eabi/4.9.3/../../../../arm-none-eabi/lib/armv7e-m/fpu/libg_nano.a(lib_a-nano-vfprintf_i.o)
                0x00002410                _printf_i
 .text.memchr   0x00002650       0x1e /opt/Freescale/KDS_v3/toolchain/bin/../lib/gcc/arm-none-eabi/4.9.3/../../../../arm-none-eabi/lib/armv7e-m/fpu/libg_nano.a(lib_a-memchr.o)
                0x00002650                memchr
 .text.memcpy   0x0000266e       0x16 /opt/Freescale/KDS_v3/toolchain/bin/../lib/gcc/arm-none-eabi/4.9.3/../../../../arm-none-eabi/lib/armv7e-m/fpu/libg_nano.a(lib_a-memcpy.o)
                0x0000266e                memcpy
 .text.memmove  0x00002684       0x36 /opt/Freescale/KDS_v3/toolchain/bin/../lib/gcc/arm-none-eabi/4.9.3/../../../../arm-none-eabi/lib/armv7e-m/fpu/libg_nano.a(lib_a-memmove.o)
                0x00002684                memmove
 *fill*         0x000026ba        0x2 
 .text._free_r  0x000026bc       0x88 /opt/Freescale/KDS_v3/toolchain/bin/../lib/gcc/arm-none-eabi/4.9.3/../../../../arm-none-eabi/lib/armv7e-m/fpu/libg_nano.a(lib_a-nano-freer.o)
                0x000026bc                _free_r
 .text._malloc_r
                0x00002744       0xac /opt/Freescale/KDS_v3/toolchain/bin/../lib/gcc/arm-none-eabi/4.9.3/../../../../arm-none-eabi/lib/armv7e-m/fpu/libg_nano.a(lib_a-nano-mallocr.o)
                0x00002744                _malloc_r
 .text._realloc_r
                0x000027f0       0x4c /opt/Freescale/KDS_v3/toolchain/bin/../lib/gcc/arm-none-eabi/4.9.3/../../../../arm-none-eabi/lib/armv7e-m/fpu/libg_nano.a(lib_a-nano-reallocr.o)
                0x000027f0                _realloc_r
 .text._sbrk_r  0x0000283c       0x20 /opt/Freescale/KDS_v3/toolchain/bin/../lib/gcc/arm-none-eabi/4.9.3/../../../../arm-none-eabi/lib/armv7e-m/fpu/libg_nano.a(lib_a-sbrkr.o)
                0x0000283c                _sbrk_r
 .text._malloc_usable_size_r
                0x0000285c       0x14 /opt/Freescale/KDS_v3/toolchain/bin/../lib/gcc/arm-none-eabi/4.9.3/../../../../arm-none-eabi/lib/armv7e-m/fpu/libg_nano.a(lib_a-nano-msizer.o)
                0x0000285c                _malloc_usable_size_r
 .text._sbrk    0x00002870       0x1c /opt/Freescale/KDS_v3/toolchain/bin/../lib/gcc/arm-none-eabi/4.9.3/../../../../arm-none-eabi/lib/armv7e-m/fpu/libnosys.a(sbrk.o)
                0x00002870                _sbrk
 .text._exit    0x0000288c        0x4 /opt/Freescale/KDS_v3/toolchain/bin/../lib/gcc/arm-none-eabi/4.9.3/../../../../arm-none-eabi/lib/armv7e-m/fpu/libnosys.a(_exit.o)
                0x0000288c                _exit
 *(.rodata)
 .rodata        0x00002890      0x1c2 ./Sources/Application.o
 *(.rodata*)
 .rodata.str1.1
                0x00002a52        0x2 /opt/Freescale/KDS_v3/toolchain/bin/../lib/gcc/arm-none-eabi/4.9.3/../../../../arm-none-eabi/lib/armv7e-m/fpu/libg_nano.a(lib_a-impure.o)
 .rodata._global_impure_ptr
                0x00002a54        0x4 /opt/Freescale/KDS_v3/toolchain/bin/../lib/gcc/arm-none-eabi/4.9.3/../../../../arm-none-eabi/lib/armv7e-m/fpu/libg_nano.a(lib_a-impure.o)
                0x00002a54                _global_impure_ptr
 .rodata.str1.1
                0x00002a58       0x11 /opt/Freescale/KDS_v3/toolchain/bin/../lib/gcc/arm-none-eabi/4.9.3/../../../../arm-none-eabi/lib/armv7e-m/fpu/libg_nano.a(lib_a-nano-svfprintf.o)
 .rodata.str1.1
                0x00002a69       0x22 /opt/Freescale/KDS_v3/toolchain/bin/../lib/gcc/arm-none-eabi/4.9.3/../../../../arm-none-eabi/lib/armv7e-m/fpu/libg_nano.a(lib_a-nano-vfprintf_i.o)
 *(.glue_7)
 .glue_7        0x00000000        0x0 linker stubs
 *(.glue_7t)
 .glue_7t       0x00000000        0x0 linker stubs
 *(.eh_frame)
 *fill*         0x00002a8b        0x1 
 .eh_frame      0x00002a8c        0x0 /opt/Freescale/KDS_v3/toolchain/bin/../lib/gcc/arm-none-eabi/4.9.3/armv7e-m/fpu/crtbegin.o
 *(.init)
 .init          0x00002a8c        0x4 /opt/Freescale/KDS_v3/toolchain/bin/../lib/gcc/arm-none-eabi/4.9.3/armv7e-m/fpu/crti.o
                0x00002a8c                _init
 .init          0x00002a90        0x8 /opt/Freescale/KDS_v3/toolchain/bin/../lib/gcc/arm-none-eabi/4.9.3/armv7e-m/fpu/crtn.o
 *(.fini)
 .fini          0x00002a98        0x4 /opt/Freescale/KDS_v3/toolchain/bin/../lib/gcc/arm-none-eabi/4.9.3/armv7e-m/fpu/crti.o
                0x00002a98                _fini
 .fini          0x00002a9c        0x8 /opt/Freescale/KDS_v3/toolchain/bin/../lib/gcc/arm-none-eabi/4.9.3/armv7e-m/fpu/crtn.o
                0x00002aa4                . = ALIGN (0x4)
                0x00002aa4                _etext = .

.vfp11_veneer   0x00002aa4        0x0
 .vfp11_veneer  0x00000000        0x0 linker stubs

.v4_bx          0x00002aa4        0x0
 .v4_bx         0x00000000        0x0 linker stubs

.iplt           0x00002aa4        0x0
 .iplt          0x00000000        0x0 /opt/Freescale/KDS_v3/toolchain/bin/../lib/gcc/arm-none-eabi/4.9.3/armv7e-m/fpu/crtbegin.o

.ARM.extab
 *(.ARM.extab* .gnu.linkonce.armextab.*)

.ARM            0x00002aa4        0x8
                0x00002aa4                __exidx_start = .
 *(.ARM.exidx*)
 .ARM.exidx     0x00002aa4        0x8 /opt/Freescale/KDS_v3/toolchain/bin/../lib/gcc/arm-none-eabi/4.9.3/../../../../arm-none-eabi/lib/armv7e-m/fpu/crt0.o
                0x00002aac                __exidx_end = .

.rel.dyn        0x00002aac        0x0
 .rel.iplt      0x00000000        0x0 /opt/Freescale/KDS_v3/toolchain/bin/../lib/gcc/arm-none-eabi/4.9.3/armv7e-m/fpu/crtbegin.o

.ctors          0x00002aac        0x0
                0x00002aac                __CTOR_LIST__ = .
 *crtbegin.o(.ctors)
 *(EXCLUDE_FILE(*crtend.o) .ctors)
 *(SORT(.ctors.*))
 *(.ctors)
                0x00002aac                __CTOR_END__ = .

.dtors          0x00002aac        0x0
                0x00002aac                __DTOR_LIST__ = .
 *crtbegin.o(.dtors)
 *(EXCLUDE_FILE(*crtend.o) .dtors)
 *(SORT(.dtors.*))
 *(.dtors)
                0x00002aac                __DTOR_END__ = .

.preinit_array  0x00002aac        0x0
                0x00002aac                PROVIDE (__preinit_array_start, .)
 *(.preinit_array*)
                0x00002aac                PROVIDE (__preinit_array_end, .)

.init_array     0x00002aac        0x4
                0x00002aac                PROVIDE (__init_array_start, .)
 *(SORT(.init_array.*))
 *(.init_array*)
 .init_array    0x00002aac        0x4 /opt/Freescale/KDS_v3/toolchain/bin/../lib/gcc/arm-none-eabi/4.9.3/armv7e-m/fpu/crtbegin.o
                0x00002ab0                PROVIDE (__init_array_end, .)

.fini_array     0x00002ab0        0x4
                0x00002ab0                PROVIDE (__fini_array_start, .)
 *(SORT(.fini_array.*))
 *(.fini_array*)
 .fini_array    0x00002ab0        0x4 /opt/Freescale/KDS_v3/toolchain/bin/../lib/gcc/arm-none-eabi/4.9.3/armv7e-m/fpu/crtbegin.o
                0x00002ab4                PROVIDE (__fini_array_end, .)
                0x00002ab4                ___ROM_AT = .

.data           0x1fff0000       0x64 load address 0x00002ab4
                0x1fff0000                . = ALIGN (0x4)
                0x1fff0000                _sdata = .
 *(.data)
 *(.data*)
 .data.impure_data
                0x1fff0000       0x60 /opt/Freescale/KDS_v3/toolchain/bin/../lib/gcc/arm-none-eabi/4.9.3/../../../../arm-none-eabi/lib/armv7e-m/fpu/libg_nano.a(lib_a-impure.o)
 .data._impure_ptr
                0x1fff0060        0x4 /opt/Freescale/KDS_v3/toolchain/bin/../lib/gcc/arm-none-eabi/4.9.3/../../../../arm-none-eabi/lib/armv7e-m/fpu/libg_nano.a(lib_a-impure.o)
                0x1fff0060                _impure_ptr
                0x1fff0064                . = ALIGN (0x4)
                0x1fff0064                _edata = .
                0x00000064                ___data_size = (_edata - _sdata)
                0x00002b18                ___m_data_20000000_ROMStart = (___ROM_AT + SIZEOF (.data))

.jcr            0x1fff0064        0x0 load address 0x00002b18
 .jcr           0x1fff0064        0x0 /opt/Freescale/KDS_v3/toolchain/bin/../lib/gcc/arm-none-eabi/4.9.3/armv7e-m/fpu/crtbegin.o

.igot.plt       0x1fff0064        0x0 load address 0x00002b18
 .igot.plt      0x00000000        0x0 /opt/Freescale/KDS_v3/toolchain/bin/../lib/gcc/arm-none-eabi/4.9.3/armv7e-m/fpu/crtbegin.o

.m_data_20000000
                0x20000000        0x0 load address 0x00002b18
                0x20000000                . = ALIGN (0x4)
                0x20000000                ___m_data_20000000_RAMStart = .
 *(.m_data_20000000)
                0x20000000                ___m_data_20000000_RAMEnd = .
                0x20000000                . = ALIGN (0x4)
                0x00000000                ___m_data_20000000_ROMSize = (___m_data_20000000_RAMEnd - ___m_data_20000000_RAMStart)
                0x20000000                . = ALIGN (0x4)

.bss            0x1fff0064      0x124 load address 0x00002b18
                0x1fff0064                __START_BSS = .
                0x1fff0064                PROVIDE (__bss_start__, __START_BSS)
 *(.bss)
 .bss           0x1fff0064       0x1c /opt/Freescale/KDS_v3/toolchain/bin/../lib/gcc/arm-none-eabi/4.9.3/armv7e-m/fpu/crtbegin.o
 *(.bss*)
 .bss.uartData  0x1fff0080        0xc ./Sources/Application.o
 .bss.canData   0x1fff008c       0x14 ./Sources/Application.o
 .bss.DeviceDataPrv__DEFAULT_RTOS_ALLOC
                0x1fff00a0       0x18 ./Generated_Code/AS1.o
 .bss.INT_UART2_RX_TX__DEFAULT_RTOS_ISRPARAM
                0x1fff00b8        0x4 ./Generated_Code/AS1.o
 .bss.INT_UART2_ERR__DEFAULT_RTOS_ISRPARAM
                0x1fff00bc        0x4 ./Generated_Code/AS1.o
 .bss.DeviceDataPrv__DEFAULT_RTOS_ALLOC
                0x1fff00c0       0x14 ./Generated_Code/CAN1.o
 .bss.INT_CAN1_Error__DEFAULT_RTOS_ISRPARAM
                0x1fff00d4        0x4 ./Generated_Code/CAN1.o
 .bss.INT_CAN1_Bus_Off__DEFAULT_RTOS_ISRPARAM
                0x1fff00d8        0x4 ./Generated_Code/CAN1.o
 .bss.INT_CAN1_ORed_Message_buffer__DEFAULT_RTOS_ISRPARAM
                0x1fff00dc        0x4 ./Generated_Code/CAN1.o
 .bss.INT_CAN1_Tx_Warning__DEFAULT_RTOS_ISRPARAM
                0x1fff00e0        0x4 ./Generated_Code/CAN1.o
 .bss.INT_CAN1_Rx_Warning__DEFAULT_RTOS_ISRPARAM
                0x1fff00e4        0x4 ./Generated_Code/CAN1.o
 .bss.INT_CAN1_Wake_Up__DEFAULT_RTOS_ISRPARAM
                0x1fff00e8        0x4 ./Generated_Code/CAN1.o
 .bss.SR_lock   0x1fff00ec        0x1 ./Generated_Code/Cpu.o
                0x1fff00ec                SR_lock
 *fill*         0x1fff00ed        0x3 
 .bss.DeviceDataPrv__DEFAULT_RTOS_ALLOC
                0x1fff00f0        0x4 ./Generated_Code/GREENLED.o
 .bss.PE_LDD_DeviceDataList
                0x1fff00f4       0x10 ./Generated_Code/PE_LDD.o
                0x1fff00f4                PE_LDD_DeviceDataList
 .bss.DeviceDataPrv__DEFAULT_RTOS_ALLOC
                0x1fff0104        0xc ./Generated_Code/TU1.o
 .bss.INT_FTM0__DEFAULT_RTOS_ISRPARAM
                0x1fff0110        0x4 ./Generated_Code/TU1.o
 .bss.UART_RxBuff_buffer
                0x1fff0114       0x40 ./Generated_Code/UART_RxBuff.o
 .bss.UART_RxBuff_inIdx
                0x1fff0154        0x1 ./Generated_Code/UART_RxBuff.o
 .bss.UART_RxBuff_outIdx
                0x1fff0155        0x1 ./Generated_Code/UART_RxBuff.o
 .bss.UART_RxBuff_inSize
                0x1fff0156        0x1 ./Generated_Code/UART_RxBuff.o
 *fill*         0x1fff0157        0x1 
 .bss.__malloc_sbrk_start
                0x1fff0158        0x4 /opt/Freescale/KDS_v3/toolchain/bin/../lib/gcc/arm-none-eabi/4.9.3/../../../../arm-none-eabi/lib/armv7e-m/fpu/libg_nano.a(lib_a-nano-mallocr.o)
                0x1fff0158                __malloc_sbrk_start
 .bss.__malloc_free_list
                0x1fff015c        0x4 /opt/Freescale/KDS_v3/toolchain/bin/../lib/gcc/arm-none-eabi/4.9.3/../../../../arm-none-eabi/lib/armv7e-m/fpu/libg_nano.a(lib_a-nano-mallocr.o)
                0x1fff015c                __malloc_free_list
 .bss.heap_end.4079
                0x1fff0160        0x4 /opt/Freescale/KDS_v3/toolchain/bin/../lib/gcc/arm-none-eabi/4.9.3/../../../../arm-none-eabi/lib/armv7e-m/fpu/libnosys.a(sbrk.o)
 *(COMMON)
 COMMON         0x1fff0164       0x1e ./Sources/Application.o
                0x1fff0164                Frame
                0x1fff0178                txbuffer
                0x1fff0181                rxbuffer
 COMMON         0x1fff0182        0x1 ./Generated_Code/Cpu.o
                0x1fff0182                SR_reg
 *fill*         0x1fff0183        0x1 
 COMMON         0x1fff0184        0x4 /opt/Freescale/KDS_v3/toolchain/bin/../lib/gcc/arm-none-eabi/4.9.3/../../../../arm-none-eabi/lib/armv7e-m/fpu/libg_nano.a(lib_a-reent.o)
                0x1fff0184                errno
                0x1fff0188                . = ALIGN (0x4)
                0x1fff0188                __END_BSS = .
                0x1fff0188                PROVIDE (__bss_end__, __END_BSS)
                0x00002b18                _romp_at = ((___ROM_AT + SIZEOF (.data)) + SIZEOF (.m_data_20000000))

.romp           0x1fff0188       0x24 load address 0x00002b18
                0x00002b18                __S_romp = _romp_at
                0x1fff0188        0x4 LONG 0x2ab4 ___ROM_AT
                0x1fff018c        0x4 LONG 0x1fff0000 _sdata
                0x1fff0190        0x4 LONG 0x64 ___data_size
                0x1fff0194        0x4 LONG 0x2b18 ___m_data_20000000_ROMStart
                0x1fff0198        0x4 LONG 0x20000000 ___m_data_20000000_RAMStart
                0x1fff019c        0x4 LONG 0x0 ___m_data_20000000_ROMSize
                0x1fff01a0        0x4 LONG 0x0
                0x1fff01a4        0x4 LONG 0x0
                0x1fff01a8        0x4 LONG 0x0
                0x00100000                text_end = (ORIGIN (m_text) + 0xffbf0)
                0x00002b3c                data_init_end = ((___m_data_20000000_ROMStart + SIZEOF (.m_data_20000000)) + SIZEOF (.romp))
                0x00000001                ASSERT ((data_init_end <= text_end), region m_text overflowed with text and data)

._user_heap_stack
                0x1fff01ac      0x400 load address 0x00002b3c
                0x1fff01ac                . = ALIGN (0x4)
                0x1fff01ac                PROVIDE (end, .)
                0x1fff01ac                PROVIDE (_end, .)
                0x1fff01ac                PROVIDE (__end__, .)
                0x1fff01ac                __heap_addr = .
                0x1fff01ac                __HeapBase = .
                0x1fff01ac                . = (. + __heap_size)
                0x1fff01ac                __HeapLimit = .
                0x1fff05ac                . = (. + __stack_size)
 *fill*         0x1fff01ac      0x400 
                0x1fff05ac                . = ALIGN (0x4)

.ARM.attributes
                0x00000000       0x30
 *(.ARM.attributes)
 .ARM.attributes
                0x00000000       0x22 /opt/Freescale/KDS_v3/toolchain/bin/../lib/gcc/arm-none-eabi/4.9.3/armv7e-m/fpu/crti.o
 .ARM.attributes
                0x00000022       0x34 /opt/Freescale/KDS_v3/toolchain/bin/../lib/gcc/arm-none-eabi/4.9.3/armv7e-m/fpu/crtbegin.o
 .ARM.attributes
                0x00000056       0x20 /opt/Freescale/KDS_v3/toolchain/bin/../lib/gcc/arm-none-eabi/4.9.3/../../../../arm-none-eabi/lib/armv7e-m/fpu/crt0.o
 .ARM.attributes
                0x00000076       0x39 ./Sources/Application.o
 .ARM.attributes
                0x000000af       0x39 ./Sources/CAN1_Events.o
 .ARM.attributes
                0x000000e8       0x39 ./Sources/Events.o
 .ARM.attributes
                0x00000121       0x39 ./Sources/Timer1_Events.o
 .ARM.attributes
                0x0000015a       0x39 ./Sources/UART2_Events.o
 .ARM.attributes
                0x00000193       0x39 ./Sources/main.o
 .ARM.attributes
                0x000001cc       0x39 ./Project_Settings/Startup_Code/startup.o
 .ARM.attributes
                0x00000205       0x39 ./Generated_Code/AS1.o
 .ARM.attributes
                0x0000023e       0x39 ./Generated_Code/CAN1.o
 .ARM.attributes
                0x00000277       0x39 ./Generated_Code/Cpu.o
 .ARM.attributes
                0x000002b0       0x39 ./Generated_Code/GREENLED.o
 .ARM.attributes
                0x000002e9       0x39 ./Generated_Code/PE_LDD.o
 .ARM.attributes
                0x00000322       0x39 ./Generated_Code/TU1.o
 .ARM.attributes
                0x0000035b       0x39 ./Generated_Code/UART_RxBuff.o
 .ARM.attributes
                0x00000394       0x39 ./Generated_Code/Vectors.o
 .ARM.attributes
                0x000003cd       0x34 /opt/Freescale/KDS_v3/toolchain/bin/../lib/gcc/arm-none-eabi/4.9.3/../../../../arm-none-eabi/lib/armv7e-m/fpu/libg_nano.a(lib_a-exit.o)
 .ARM.attributes
                0x00000401       0x34 /opt/Freescale/KDS_v3/toolchain/bin/../lib/gcc/arm-none-eabi/4.9.3/../../../../arm-none-eabi/lib/armv7e-m/fpu/libg_nano.a(lib_a-impure.o)
 .ARM.attributes
                0x00000435       0x34 /opt/Freescale/KDS_v3/toolchain/bin/../lib/gcc/arm-none-eabi/4.9.3/../../../../arm-none-eabi/lib/armv7e-m/fpu/libg_nano.a(lib_a-init.o)
 .ARM.attributes
                0x00000469       0x34 /opt/Freescale/KDS_v3/toolchain/bin/../lib/gcc/arm-none-eabi/4.9.3/../../../../arm-none-eabi/lib/armv7e-m/fpu/libg_nano.a(lib_a-memset.o)
 .ARM.attributes
                0x0000049d       0x34 /opt/Freescale/KDS_v3/toolchain/bin/../lib/gcc/arm-none-eabi/4.9.3/../../../../arm-none-eabi/lib/armv7e-m/fpu/libg_nano.a(lib_a-sprintf.o)
 .ARM.attributes
                0x000004d1       0x34 /opt/Freescale/KDS_v3/toolchain/bin/../lib/gcc/arm-none-eabi/4.9.3/../../../../arm-none-eabi/lib/armv7e-m/fpu/libg_nano.a(lib_a-nano-svfprintf.o)
 .ARM.attributes
                0x00000505       0x34 /opt/Freescale/KDS_v3/toolchain/bin/../lib/gcc/arm-none-eabi/4.9.3/../../../../arm-none-eabi/lib/armv7e-m/fpu/libg_nano.a(lib_a-nano-vfprintf_i.o)
 .ARM.attributes
                0x00000539       0x34 /opt/Freescale/KDS_v3/toolchain/bin/../lib/gcc/arm-none-eabi/4.9.3/../../../../arm-none-eabi/lib/armv7e-m/fpu/libg_nano.a(lib_a-memchr.o)
 .ARM.attributes
                0x0000056d       0x34 /opt/Freescale/KDS_v3/toolchain/bin/../lib/gcc/arm-none-eabi/4.9.3/../../../../arm-none-eabi/lib/armv7e-m/fpu/libg_nano.a(lib_a-memcpy.o)
 .ARM.attributes
                0x000005a1       0x34 /opt/Freescale/KDS_v3/toolchain/bin/../lib/gcc/arm-none-eabi/4.9.3/../../../../arm-none-eabi/lib/armv7e-m/fpu/libg_nano.a(lib_a-memmove.o)
 .ARM.attributes
                0x000005d5       0x34 /opt/Freescale/KDS_v3/toolchain/bin/../lib/gcc/arm-none-eabi/4.9.3/../../../../arm-none-eabi/lib/armv7e-m/fpu/libg_nano.a(lib_a-nano-freer.o)
 .ARM.attributes
                0x00000609       0x34 /opt/Freescale/KDS_v3/toolchain/bin/../lib/gcc/arm-none-eabi/4.9.3/../../../../arm-none-eabi/lib/armv7e-m/fpu/libg_nano.a(lib_a-nano-mallocr.o)
 .ARM.attributes
                0x0000063d       0x34 /opt/Freescale/KDS_v3/toolchain/bin/../lib/gcc/arm-none-eabi/4.9.3/../../../../arm-none-eabi/lib/armv7e-m/fpu/libg_nano.a(lib_a-nano-reallocr.o)
 .ARM.attributes
                0x00000671       0x34 /opt/Freescale/KDS_v3/toolchain/bin/../lib/gcc/arm-none-eabi/4.9.3/../../../../arm-none-eabi/lib/armv7e-m/fpu/libg_nano.a(lib_a-sbrkr.o)
 .ARM.attributes
                0x000006a5       0x34 /opt/Freescale/KDS_v3/toolchain/bin/../lib/gcc/arm-none-eabi/4.9.3/../../../../arm-none-eabi/lib/armv7e-m/fpu/libg_nano.a(lib_a-nano-msizer.o)
 .ARM.attributes
                0x000006d9       0x34 /opt/Freescale/KDS_v3/toolchain/bin/../lib/gcc/arm-none-eabi/4.9.3/../../../../arm-none-eabi/lib/armv7e-m/fpu/libg_nano.a(lib_a-reent.o)
 .ARM.attributes
                0x0000070d       0x34 /opt/Freescale/KDS_v3/toolchain/bin/../lib/gcc/arm-none-eabi/4.9.3/../../../../arm-none-eabi/lib/armv7e-m/fpu/libnosys.a(sbrk.o)
 .ARM.attributes
                0x00000741       0x34 /opt/Freescale/KDS_v3/toolchain/bin/../lib/gcc/arm-none-eabi/4.9.3/../../../../arm-none-eabi/lib/armv7e-m/fpu/libnosys.a(_exit.o)
 .ARM.attributes
                0x00000775       0x22 /opt/Freescale/KDS_v3/toolchain/bin/../lib/gcc/arm-none-eabi/4.9.3/armv7e-m/fpu/crtn.o
OUTPUT(sender_can_uart.elf elf32-littlearm)

.debug_info     0x00000000     0x42c6
 .debug_info    0x00000000      0x425 ./Sources/Application.o
 .debug_info    0x00000425      0x33a ./Sources/CAN1_Events.o
 .debug_info    0x0000075f       0x96 ./Sources/Events.o
 .debug_info    0x000007f5       0xd9 ./Sources/Timer1_Events.o
 .debug_info    0x000008ce      0x180 ./Sources/UART2_Events.o
 .debug_info    0x00000a4e       0x9a ./Sources/main.o
 .debug_info    0x00000ae8      0x3b0 ./Project_Settings/Startup_Code/startup.o
 .debug_info    0x00000e98      0xa42 ./Generated_Code/AS1.o
 .debug_info    0x000018da      0xc84 ./Generated_Code/CAN1.o
 .debug_info    0x0000255e      0xb9b ./Generated_Code/Cpu.o
 .debug_info    0x000030f9      0x3d4 ./Generated_Code/GREENLED.o
 .debug_info    0x000034cd      0x24d ./Generated_Code/PE_LDD.o
 .debug_info    0x0000371a      0x752 ./Generated_Code/TU1.o
 .debug_info    0x00003e6c      0x34b ./Generated_Code/UART_RxBuff.o
 .debug_info    0x000041b7      0x10f ./Generated_Code/Vectors.o

.debug_abbrev   0x00000000     0x11b5
 .debug_abbrev  0x00000000      0x179 ./Sources/Application.o
 .debug_abbrev  0x00000179      0x13b ./Sources/CAN1_Events.o
 .debug_abbrev  0x000002b4       0x45 ./Sources/Events.o
 .debug_abbrev  0x000002f9       0x89 ./Sources/Timer1_Events.o
 .debug_abbrev  0x00000382       0xd3 ./Sources/UART2_Events.o
 .debug_abbrev  0x00000455       0x47 ./Sources/main.o
 .debug_abbrev  0x0000049c      0x189 ./Project_Settings/Startup_Code/startup.o
 .debug_abbrev  0x00000625      0x1db ./Generated_Code/AS1.o
 .debug_abbrev  0x00000800      0x1e4 ./Generated_Code/CAN1.o
 .debug_abbrev  0x000009e4      0x185 ./Generated_Code/Cpu.o
 .debug_abbrev  0x00000b69      0x16e ./Generated_Code/GREENLED.o
 .debug_abbrev  0x00000cd7      0x10d ./Generated_Code/PE_LDD.o
 .debug_abbrev  0x00000de4      0x1a4 ./Generated_Code/TU1.o
 .debug_abbrev  0x00000f88      0x189 ./Generated_Code/UART_RxBuff.o
 .debug_abbrev  0x00001111       0xa4 ./Generated_Code/Vectors.o

.debug_aranges  0x00000000      0x3a8
 .debug_aranges
                0x00000000       0x38 ./Sources/Application.o
 .debug_aranges
                0x00000038       0x40 ./Sources/CAN1_Events.o
 .debug_aranges
                0x00000078       0x20 ./Sources/Events.o
 .debug_aranges
                0x00000098       0x20 ./Sources/Timer1_Events.o
 .debug_aranges
                0x000000b8       0x28 ./Sources/UART2_Events.o
 .debug_aranges
                0x000000e0       0x20 ./Sources/main.o
 .debug_aranges
                0x00000100       0x50 ./Project_Settings/Startup_Code/startup.o
 .debug_aranges
                0x00000150       0x48 ./Generated_Code/AS1.o
 .debug_aranges
                0x00000198       0x80 ./Generated_Code/CAN1.o
 .debug_aranges
                0x00000218       0x40 ./Generated_Code/Cpu.o
 .debug_aranges
                0x00000258       0x58 ./Generated_Code/GREENLED.o
 .debug_aranges
                0x000002b0       0x30 ./Generated_Code/PE_LDD.o
 .debug_aranges
                0x000002e0       0x48 ./Generated_Code/TU1.o
 .debug_aranges
                0x00000328       0x68 ./Generated_Code/UART_RxBuff.o
 .debug_aranges
                0x00000390       0x18 ./Generated_Code/Vectors.o

.debug_ranges   0x00000000      0x2b0
 .debug_ranges  0x00000000       0x28 ./Sources/Application.o
 .debug_ranges  0x00000028       0x30 ./Sources/CAN1_Events.o
 .debug_ranges  0x00000058       0x10 ./Sources/Events.o
 .debug_ranges  0x00000068       0x10 ./Sources/Timer1_Events.o
 .debug_ranges  0x00000078       0x18 ./Sources/UART2_Events.o
 .debug_ranges  0x00000090       0x10 ./Sources/main.o
 .debug_ranges  0x000000a0       0x40 ./Project_Settings/Startup_Code/startup.o
 .debug_ranges  0x000000e0       0x38 ./Generated_Code/AS1.o
 .debug_ranges  0x00000118       0x70 ./Generated_Code/CAN1.o
 .debug_ranges  0x00000188       0x30 ./Generated_Code/Cpu.o
 .debug_ranges  0x000001b8       0x48 ./Generated_Code/GREENLED.o
 .debug_ranges  0x00000200       0x20 ./Generated_Code/PE_LDD.o
 .debug_ranges  0x00000220       0x38 ./Generated_Code/TU1.o
 .debug_ranges  0x00000258       0x58 ./Generated_Code/UART_RxBuff.o

.debug_macro    0x00000000    0x35cb9
 .debug_macro   0x00000000      0x217 ./Sources/Application.o
 .debug_macro   0x00000217      0x86e ./Sources/Application.o
 .debug_macro   0x00000a85       0x22 ./Sources/Application.o
 .debug_macro   0x00000aa7       0x44 ./Sources/Application.o
 .debug_macro   0x00000aeb       0xe3 ./Sources/Application.o
 .debug_macro   0x00000bce       0x22 ./Sources/Application.o
 .debug_macro   0x00000bf0      0x1df ./Sources/Application.o
 .debug_macro   0x00000dcf     0x1816 ./Sources/Application.o
 .debug_macro   0x000025e5      0x14e ./Sources/Application.o
 .debug_macro   0x00002733       0x64 ./Sources/Application.o
 .debug_macro   0x00002797    0x174c1 ./Sources/Application.o
 .debug_macro   0x00019c58       0x94 ./Sources/Application.o
 .debug_macro   0x00019cec      0x6a0 ./Sources/Application.o
 .debug_macro   0x0001a38c       0xa0 ./Sources/Application.o
 .debug_macro   0x0001a42c       0x71 ./Sources/Application.o
 .debug_macro   0x0001a49d      0x132 ./Sources/Application.o
 .debug_macro   0x0001a5cf       0x52 ./Sources/Application.o
 .debug_macro   0x0001a621       0x50 ./Sources/Application.o
 .debug_macro   0x0001a671       0x22 ./Sources/Application.o
 .debug_macro   0x0001a693       0x22 ./Sources/Application.o
 .debug_macro   0x0001a6b5       0x2e ./Sources/Application.o
 .debug_macro   0x0001a6e3       0x1d ./Sources/Application.o
 .debug_macro   0x0001a700       0x12 ./Sources/Application.o
 .debug_macro   0x0001a712       0x2e ./Sources/Application.o
 .debug_macro   0x0001a740       0x58 ./Sources/Application.o
 .debug_macro   0x0001a798       0x35 ./Sources/Application.o
 .debug_macro   0x0001a7cd       0x9c ./Sources/Application.o
 .debug_macro   0x0001a869       0x16 ./Sources/Application.o
 .debug_macro   0x0001a87f       0x97 ./Sources/Application.o
 .debug_macro   0x0001a916      0x29d ./Sources/Application.o
 .debug_macro   0x0001abb3       0xef ./Sources/Application.o
 .debug_macro   0x0001aca2       0x10 ./Sources/Application.o
 .debug_macro   0x0001acb2       0x52 ./Sources/Application.o
 .debug_macro   0x0001ad04       0x16 ./Sources/Application.o
 .debug_macro   0x0001ad1a       0x43 ./Sources/Application.o
 .debug_macro   0x0001ad5d      0x180 ./Sources/Application.o
 .debug_macro   0x0001aedd       0x10 ./Sources/Application.o
 .debug_macro   0x0001aeed       0x22 ./Sources/Application.o
 .debug_macro   0x0001af0f       0xbe ./Sources/Application.o
 .debug_macro   0x0001afcd       0x16 ./Sources/Application.o
 .debug_macro   0x0001afe3      0x166 ./Sources/Application.o
 .debug_macro   0x0001b149       0x16 ./Sources/Application.o
 .debug_macro   0x0001b15f      0x271 ./Sources/CAN1_Events.o
 .debug_macro   0x0001b3d0       0x9a ./Sources/CAN1_Events.o
 .debug_macro   0x0001b46a      0x15f ./Sources/Events.o
 .debug_macro   0x0001b5c9      0x15f ./Sources/Timer1_Events.o
 .debug_macro   0x0001b728      0x271 ./Sources/UART2_Events.o
 .debug_macro   0x0001b999      0x271 ./Sources/main.o
 .debug_macro   0x0001bc0a      0x139 ./Project_Settings/Startup_Code/startup.o
 .debug_macro   0x0001bd43      0x166 ./Project_Settings/Startup_Code/startup.o
 .debug_macro   0x0001bea9       0x4a ./Project_Settings/Startup_Code/startup.o
 .debug_macro   0x0001bef3       0x10 ./Project_Settings/Startup_Code/startup.o
 .debug_macro   0x0001bf03       0x35 ./Project_Settings/Startup_Code/startup.o
 .debug_macro   0x0001bf38       0x16 ./Project_Settings/Startup_Code/startup.o
 .debug_macro   0x0001bf4e       0x22 ./Project_Settings/Startup_Code/startup.o
 .debug_macro   0x0001bf70       0x16 ./Project_Settings/Startup_Code/startup.o
 .debug_macro   0x0001bf86    0x174af ./Project_Settings/Startup_Code/startup.o
 .debug_macro   0x00033435      0x174 ./Generated_Code/AS1.o
 .debug_macro   0x000335a9       0x4a ./Generated_Code/AS1.o
 .debug_macro   0x000335f3      0x7bf ./Generated_Code/AS1.o
 .debug_macro   0x00033db2      0xa7c ./Generated_Code/AS1.o
 .debug_macro   0x0003482e      0x183 ./Generated_Code/CAN1.o
 .debug_macro   0x000349b1      0x625 ./Generated_Code/CAN1.o
 .debug_macro   0x00034fd6      0x4ea ./Generated_Code/CAN1.o
 .debug_macro   0x000354c0      0x177 ./Generated_Code/Cpu.o
 .debug_macro   0x00035637       0xb8 ./Generated_Code/GREENLED.o
 .debug_macro   0x000356ef      0x12c ./Generated_Code/GREENLED.o
 .debug_macro   0x0003581b      0x11f ./Generated_Code/PE_LDD.o
 .debug_macro   0x0003593a      0x145 ./Generated_Code/TU1.o
 .debug_macro   0x00035a7f       0xc7 ./Generated_Code/UART_RxBuff.o
 .debug_macro   0x00035b46      0x173 ./Generated_Code/Vectors.o

.debug_line     0x00000000     0x3d97
 .debug_line    0x00000000      0x4b6 ./Sources/Application.o
 .debug_line    0x000004b6      0x48d ./Sources/CAN1_Events.o
 .debug_line    0x00000943      0x36f ./Sources/Events.o
 .debug_line    0x00000cb2      0x377 ./Sources/Timer1_Events.o
 .debug_line    0x00001029      0x453 ./Sources/UART2_Events.o
 .debug_line    0x0000147c      0x43d ./Sources/main.o
 .debug_line    0x000018b9      0x3aa ./Project_Settings/Startup_Code/startup.o
 .debug_line    0x00001c63      0x4a5 ./Generated_Code/AS1.o
 .debug_line    0x00002108      0x604 ./Generated_Code/CAN1.o
 .debug_line    0x0000270c      0x4bc ./Generated_Code/Cpu.o
 .debug_line    0x00002bc8      0x31e ./Generated_Code/GREENLED.o
 .debug_line    0x00002ee6      0x334 ./Generated_Code/PE_LDD.o
 .debug_line    0x0000321a      0x411 ./Generated_Code/TU1.o
 .debug_line    0x0000362b      0x33d ./Generated_Code/UART_RxBuff.o
 .debug_line    0x00003968      0x42f ./Generated_Code/Vectors.o

.debug_str      0x00000000    0xb076e
 .debug_str     0x00000000    0x97c27 ./Sources/Application.o
                              0x97e57 (size before relaxing)
 .debug_str     0x00097c27       0xea ./Sources/CAN1_Events.o
                              0x97e49 (size before relaxing)
 .debug_str     0x00097d11       0x21 ./Sources/Events.o
                              0x94d2c (size before relaxing)
 .debug_str     0x00097d32       0x46 ./Sources/Timer1_Events.o
                              0x94d7b (size before relaxing)
 .debug_str     0x00097d78       0x3e ./Sources/UART2_Events.o
                              0x97d0f (size before relaxing)
 .debug_str     0x00097db6       0x17 ./Sources/main.o
                              0x97c7a (size before relaxing)
 .debug_str     0x00097dcd      0x24a ./Project_Settings/Startup_Code/startup.o
                              0x855d3 (size before relaxing)
 .debug_str     0x00098017     0xee2a ./Generated_Code/AS1.o
                              0xa3bd3 (size before relaxing)
 .debug_str     0x000a6e41     0x90bd ./Generated_Code/CAN1.o
                              0x9e0fd (size before relaxing)
 .debug_str     0x000afefe      0x1fe ./Generated_Code/Cpu.o
                              0x95141 (size before relaxing)
 .debug_str     0x000b00fc      0x111 ./Generated_Code/GREENLED.o
                              0x8b9b4 (size before relaxing)
 .debug_str     0x000b020d      0x172 ./Generated_Code/PE_LDD.o
                              0x94eac (size before relaxing)
 .debug_str     0x000b037f      0x1c8 ./Generated_Code/TU1.o
                              0x950a5 (size before relaxing)
 .debug_str     0x000b0547      0x20b ./Generated_Code/UART_RxBuff.o
                              0x8add3 (size before relaxing)
 .debug_str     0x000b0752       0x1c ./Generated_Code/Vectors.o
                              0x94d74 (size before relaxing)

.comment        0x00000000       0x70
 .comment       0x00000000       0x70 ./Sources/Application.o
                                 0x71 (size before relaxing)
 .comment       0x00000000       0x71 ./Sources/CAN1_Events.o
 .comment       0x00000000       0x71 ./Sources/Events.o
 .comment       0x00000000       0x71 ./Sources/Timer1_Events.o
 .comment       0x00000000       0x71 ./Sources/UART2_Events.o
 .comment       0x00000000       0x71 ./Sources/main.o
 .comment       0x00000000       0x71 ./Project_Settings/Startup_Code/startup.o
 .comment       0x00000000       0x71 ./Generated_Code/AS1.o
 .comment       0x00000000       0x71 ./Generated_Code/CAN1.o
 .comment       0x00000000       0x71 ./Generated_Code/Cpu.o
 .comment       0x00000000       0x71 ./Generated_Code/GREENLED.o
 .comment       0x00000000       0x71 ./Generated_Code/PE_LDD.o
 .comment       0x00000000       0x71 ./Generated_Code/TU1.o
 .comment       0x00000000       0x71 ./Generated_Code/UART_RxBuff.o
 .comment       0x00000000       0x71 ./Generated_Code/Vectors.o

.debug_frame    0x00000000      0xf64
 .debug_frame   0x00000000       0x98 ./Sources/Application.o
 .debug_frame   0x00000098       0xcc ./Sources/CAN1_Events.o
 .debug_frame   0x00000164       0x30 ./Sources/Events.o
 .debug_frame   0x00000194       0x34 ./Sources/Timer1_Events.o
 .debug_frame   0x000001c8       0x5c ./Sources/UART2_Events.o
 .debug_frame   0x00000224       0x2c ./Sources/main.o
 .debug_frame   0x00000250       0xec ./Project_Settings/Startup_Code/startup.o
 .debug_frame   0x0000033c      0x108 ./Generated_Code/AS1.o
 .debug_frame   0x00000444      0x244 ./Generated_Code/CAN1.o
 .debug_frame   0x00000688       0xc8 ./Generated_Code/Cpu.o
 .debug_frame   0x00000750      0x150 ./Generated_Code/GREENLED.o
 .debug_frame   0x000008a0       0x84 ./Generated_Code/PE_LDD.o
 .debug_frame   0x00000924      0x108 ./Generated_Code/TU1.o
 .debug_frame   0x00000a2c      0x17c ./Generated_Code/UART_RxBuff.o
 .debug_frame   0x00000ba8       0x28 /opt/Freescale/KDS_v3/toolchain/bin/../lib/gcc/arm-none-eabi/4.9.3/../../../../arm-none-eabi/lib/armv7e-m/fpu/libg_nano.a(lib_a-exit.o)
 .debug_frame   0x00000bd0       0x2c /opt/Freescale/KDS_v3/toolchain/bin/../lib/gcc/arm-none-eabi/4.9.3/../../../../arm-none-eabi/lib/armv7e-m/fpu/libg_nano.a(lib_a-init.o)
 .debug_frame   0x00000bfc       0x20 /opt/Freescale/KDS_v3/toolchain/bin/../lib/gcc/arm-none-eabi/4.9.3/../../../../arm-none-eabi/lib/armv7e-m/fpu/libg_nano.a(lib_a-memset.o)
 .debug_frame   0x00000c1c       0x70 /opt/Freescale/KDS_v3/toolchain/bin/../lib/gcc/arm-none-eabi/4.9.3/../../../../arm-none-eabi/lib/armv7e-m/fpu/libg_nano.a(lib_a-sprintf.o)
 .debug_frame   0x00000c8c       0x8c /opt/Freescale/KDS_v3/toolchain/bin/../lib/gcc/arm-none-eabi/4.9.3/../../../../arm-none-eabi/lib/armv7e-m/fpu/libg_nano.a(lib_a-nano-svfprintf.o)
 .debug_frame   0x00000d18       0x58 /opt/Freescale/KDS_v3/toolchain/bin/../lib/gcc/arm-none-eabi/4.9.3/../../../../arm-none-eabi/lib/armv7e-m/fpu/libg_nano.a(lib_a-nano-vfprintf_i.o)
 .debug_frame   0x00000d70       0x28 /opt/Freescale/KDS_v3/toolchain/bin/../lib/gcc/arm-none-eabi/4.9.3/../../../../arm-none-eabi/lib/armv7e-m/fpu/libg_nano.a(lib_a-memchr.o)
 .debug_frame   0x00000d98       0x28 /opt/Freescale/KDS_v3/toolchain/bin/../lib/gcc/arm-none-eabi/4.9.3/../../../../arm-none-eabi/lib/armv7e-m/fpu/libg_nano.a(lib_a-memcpy.o)
 .debug_frame   0x00000dc0       0x28 /opt/Freescale/KDS_v3/toolchain/bin/../lib/gcc/arm-none-eabi/4.9.3/../../../../arm-none-eabi/lib/armv7e-m/fpu/libg_nano.a(lib_a-memmove.o)
 .debug_frame   0x00000de8       0x2c /opt/Freescale/KDS_v3/toolchain/bin/../lib/gcc/arm-none-eabi/4.9.3/../../../../arm-none-eabi/lib/armv7e-m/fpu/libg_nano.a(lib_a-nano-freer.o)
 .debug_frame   0x00000e14       0x2c /opt/Freescale/KDS_v3/toolchain/bin/../lib/gcc/arm-none-eabi/4.9.3/../../../../arm-none-eabi/lib/armv7e-m/fpu/libg_nano.a(lib_a-nano-mallocr.o)
 .debug_frame   0x00000e40       0x3c /opt/Freescale/KDS_v3/toolchain/bin/../lib/gcc/arm-none-eabi/4.9.3/../../../../arm-none-eabi/lib/armv7e-m/fpu/libg_nano.a(lib_a-nano-reallocr.o)
 .debug_frame   0x00000e7c       0x2c /opt/Freescale/KDS_v3/toolchain/bin/../lib/gcc/arm-none-eabi/4.9.3/../../../../arm-none-eabi/lib/armv7e-m/fpu/libg_nano.a(lib_a-sbrkr.o)
 .debug_frame   0x00000ea8       0x20 /opt/Freescale/KDS_v3/toolchain/bin/../lib/gcc/arm-none-eabi/4.9.3/../../../../arm-none-eabi/lib/armv7e-m/fpu/libg_nano.a(lib_a-nano-msizer.o)
 .debug_frame   0x00000ec8       0x5c /opt/Freescale/KDS_v3/toolchain/bin/../lib/gcc/arm-none-eabi/4.9.3/../../../../arm-none-eabi/lib/armv7e-m/fpu/libg_nano.a(lib_a-reent.o)
 .debug_frame   0x00000f24       0x20 /opt/Freescale/KDS_v3/toolchain/bin/../lib/gcc/arm-none-eabi/4.9.3/../../../../arm-none-eabi/lib/armv7e-m/fpu/libnosys.a(sbrk.o)
 .debug_frame   0x00000f44       0x20 /opt/Freescale/KDS_v3/toolchain/bin/../lib/gcc/arm-none-eabi/4.9.3/../../../../arm-none-eabi/lib/armv7e-m/fpu/libnosys.a(_exit.o)
