Archive member included because of file (symbol)

/opt/Freescale/KDS_v3/toolchain/bin/../lib/gcc/arm-none-eabi/4.9.3/../../../../arm-none-eabi/lib/armv6-m/libg_nano.a(lib_a-exit.o)
                              /opt/Freescale/KDS_v3/toolchain/bin/../lib/gcc/arm-none-eabi/4.9.3/../../../../arm-none-eabi/lib/armv6-m/crt0.o (exit)
/opt/Freescale/KDS_v3/toolchain/bin/../lib/gcc/arm-none-eabi/4.9.3/../../../../arm-none-eabi/lib/armv6-m/libg_nano.a(lib_a-impure.o)
                              /opt/Freescale/KDS_v3/toolchain/bin/../lib/gcc/arm-none-eabi/4.9.3/../../../../arm-none-eabi/lib/armv6-m/libg_nano.a(lib_a-exit.o) (_global_impure_ptr)
/opt/Freescale/KDS_v3/toolchain/bin/../lib/gcc/arm-none-eabi/4.9.3/../../../../arm-none-eabi/lib/armv6-m/libg_nano.a(lib_a-init.o)
                              /opt/Freescale/KDS_v3/toolchain/bin/../lib/gcc/arm-none-eabi/4.9.3/../../../../arm-none-eabi/lib/armv6-m/crt0.o (__libc_init_array)
/opt/Freescale/KDS_v3/toolchain/bin/../lib/gcc/arm-none-eabi/4.9.3/../../../../arm-none-eabi/lib/armv6-m/libg_nano.a(lib_a-memcpy.o)
                              ./Static_Code/System/CPU_Init.o (memcpy)
/opt/Freescale/KDS_v3/toolchain/bin/../lib/gcc/arm-none-eabi/4.9.3/../../../../arm-none-eabi/lib/armv6-m/libg_nano.a(lib_a-memset.o)
                              /opt/Freescale/KDS_v3/toolchain/bin/../lib/gcc/arm-none-eabi/4.9.3/../../../../arm-none-eabi/lib/armv6-m/crt0.o (memset)
/opt/Freescale/KDS_v3/toolchain/bin/../lib/gcc/arm-none-eabi/4.9.3/../../../../arm-none-eabi/lib/armv6-m/libnosys.a(_exit.o)
                              /opt/Freescale/KDS_v3/toolchain/bin/../lib/gcc/arm-none-eabi/4.9.3/../../../../arm-none-eabi/lib/armv6-m/libg_nano.a(lib_a-exit.o) (_exit)

Allocating common symbols
Common symbol       size              file

Frame               0x14              ./Sources/Application.o
DataFrameTxFlg      0x1               ./Sources/Application.o
SR_reg              0x1               ./Static_Code/System/CPU_Init.o
Error               0x2               ./Sources/Application.o
rxbuffer            0x8               ./Sources/Application.o

Discarded input sections

 .text          0x00000000        0x0 /opt/Freescale/KDS_v3/toolchain/bin/../lib/gcc/arm-none-eabi/4.9.3/armv6-m/crti.o
 .data          0x00000000        0x0 /opt/Freescale/KDS_v3/toolchain/bin/../lib/gcc/arm-none-eabi/4.9.3/armv6-m/crti.o
 .bss           0x00000000        0x0 /opt/Freescale/KDS_v3/toolchain/bin/../lib/gcc/arm-none-eabi/4.9.3/armv6-m/crti.o
 .data          0x00000000        0x4 /opt/Freescale/KDS_v3/toolchain/bin/../lib/gcc/arm-none-eabi/4.9.3/armv6-m/crtbegin.o
 .data          0x00000000        0x0 /opt/Freescale/KDS_v3/toolchain/bin/../lib/gcc/arm-none-eabi/4.9.3/../../../../arm-none-eabi/lib/armv6-m/crt0.o
 .bss           0x00000000        0x0 /opt/Freescale/KDS_v3/toolchain/bin/../lib/gcc/arm-none-eabi/4.9.3/../../../../arm-none-eabi/lib/armv6-m/crt0.o
 .ARM.extab     0x00000000        0x0 /opt/Freescale/KDS_v3/toolchain/bin/../lib/gcc/arm-none-eabi/4.9.3/../../../../arm-none-eabi/lib/armv6-m/crt0.o
 .group         0x00000000        0x8 ./Static_Code/System/CPU_Init.o
 .group         0x00000000        0x8 ./Static_Code/System/CPU_Init.o
 .group         0x00000000        0x8 ./Static_Code/System/CPU_Init.o
 .group         0x00000000        0x8 ./Static_Code/System/CPU_Init.o
 .group         0x00000000        0x8 ./Static_Code/System/CPU_Init.o
 .group         0x00000000        0x8 ./Static_Code/System/CPU_Init.o
 .group         0x00000000        0x8 ./Static_Code/System/CPU_Init.o
 .group         0x00000000        0x8 ./Static_Code/System/CPU_Init.o
 .group         0x00000000        0x8 ./Static_Code/System/CPU_Init.o
 .group         0x00000000        0x8 ./Static_Code/System/CPU_Init.o
 .group         0x00000000        0x8 ./Static_Code/System/CPU_Init.o
 .group         0x00000000        0x8 ./Static_Code/System/CPU_Init.o
 .group         0x00000000        0x8 ./Static_Code/System/CPU_Init.o
 .group         0x00000000        0x8 ./Static_Code/System/CPU_Init.o
 .group         0x00000000        0x8 ./Static_Code/System/CPU_Init.o
 .group         0x00000000        0x8 ./Static_Code/System/CPU_Init.o
 .group         0x00000000        0x8 ./Static_Code/System/CPU_Init.o
 .group         0x00000000        0x8 ./Static_Code/System/CPU_Init.o
 .group         0x00000000        0x8 ./Static_Code/System/CPU_Init.o
 .group         0x00000000        0x8 ./Static_Code/System/CPU_Init.o
 .group         0x00000000        0x8 ./Static_Code/System/CPU_Init.o
 .group         0x00000000        0x8 ./Static_Code/System/CPU_Init.o
 .group         0x00000000        0x8 ./Static_Code/System/CPU_Init.o
 .group         0x00000000        0x8 ./Static_Code/System/CPU_Init.o
 .group         0x00000000        0x8 ./Static_Code/System/CPU_Init.o
 .group         0x00000000        0x8 ./Static_Code/System/CPU_Init.o
 .group         0x00000000        0x8 ./Static_Code/System/CPU_Init.o
[...]
Memory Configuration

Name             Origin             Length             Attributes
m_interrupts     0x00000000         0x000000c0         xr
m_text           0x00000410         0x0001fbf0         xr
m_data           0x1ffff000         0x00004000         rw
m_cfmprotrom     0x00000400         0x00000010         xr
*default*        0x00000000         0xffffffff

Linker script and memory map

LOAD /opt/Freescale/KDS_v3/toolchain/bin/../lib/gcc/arm-none-eabi/4.9.3/armv6-m/crti.o
LOAD /opt/Freescale/KDS_v3/toolchain/bin/../lib/gcc/arm-none-eabi/4.9.3/armv6-m/crtbegin.o
LOAD /opt/Freescale/KDS_v3/toolchain/bin/../lib/gcc/arm-none-eabi/4.9.3/../../../../arm-none-eabi/lib/armv6-m/crt0.o
LOAD ./Static_Code/System/CPU_Init.o
LOAD ./Static_Code/System/Peripherals_Init.o
LOAD ./Static_Code/System/Vectors.o
LOAD ./Sources/Application.o
LOAD ./Sources/Events.o
LOAD ./Sources/main.o
LOAD ./Project_Settings/Startup_Code/startup.o
LOAD ./Generated_Code/AS1.o
LOAD ./Generated_Code/CAN1.o
LOAD ./Generated_Code/CAN_RxBuff.o
LOAD ./Generated_Code/CS1.o
LOAD ./Generated_Code/CS2.o
LOAD ./Generated_Code/Cpu.o
LOAD ./Generated_Code/GREENLED.o
LOAD ./Generated_Code/KSDK1.o
LOAD ./Generated_Code/PE_LDD.o
LOAD ./Generated_Code/Pins1.o
LOAD ./Generated_Code/REDLED.o
LOAD ./Generated_Code/TU1.o
LOAD ./Generated_Code/UART_RxBuff.o
LOAD /opt/Freescale/KDS_v3/toolchain/bin/../lib/gcc/arm-none-eabi/4.9.3/../../../../arm-none-eabi/lib/armv6-m/libstdc++_nano.a
LOAD /opt/Freescale/KDS_v3/toolchain/bin/../lib/gcc/arm-none-eabi/4.9.3/../../../../arm-none-eabi/lib/armv6-m/libm.a
START GROUP
LOAD /opt/Freescale/KDS_v3/toolchain/bin/../lib/gcc/arm-none-eabi/4.9.3/armv6-m/libgcc.a
LOAD /opt/Freescale/KDS_v3/toolchain/bin/../lib/gcc/arm-none-eabi/4.9.3/../../../../arm-none-eabi/lib/armv6-m/libg_nano.a
LOAD /opt/Freescale/KDS_v3/toolchain/bin/../lib/gcc/arm-none-eabi/4.9.3/../../../../arm-none-eabi/lib/armv6-m/libc_nano.a
END GROUP
START GROUP
LOAD /opt/Freescale/KDS_v3/toolchain/bin/../lib/gcc/arm-none-eabi/4.9.3/armv6-m/libgcc.a
LOAD /opt/Freescale/KDS_v3/toolchain/bin/../lib/gcc/arm-none-eabi/4.9.3/../../../../arm-none-eabi/lib/armv6-m/libc_nano.a
LOAD /opt/Freescale/KDS_v3/toolchain/bin/../lib/gcc/arm-none-eabi/4.9.3/../../../../arm-none-eabi/lib/armv6-m/libnosys.a
END GROUP
START GROUP
LOAD /opt/Freescale/KDS_v3/toolchain/bin/../lib/gcc/arm-none-eabi/4.9.3/armv6-m/libgcc.a
LOAD /opt/Freescale/KDS_v3/toolchain/bin/../lib/gcc/arm-none-eabi/4.9.3/../../../../arm-none-eabi/lib/armv6-m/libc_nano.a
LOAD /opt/Freescale/KDS_v3/toolchain/bin/../lib/gcc/arm-none-eabi/4.9.3/../../../../arm-none-eabi/lib/armv6-m/libnosys.a
END GROUP
LOAD /opt/Freescale/KDS_v3/toolchain/bin/../lib/gcc/arm-none-eabi/4.9.3/armv6-m/crtend.o
LOAD /opt/Freescale/KDS_v3/toolchain/bin/../lib/gcc/arm-none-eabi/4.9.3/armv6-m/crtn.o
                0x20003000                _estack = 0x20003000
                0x20003000                __SP_INIT = _estack
                0x20003000                __stack = _estack
                0x00000000                __heap_size = 0x0
                0x00000400                __stack_size = 0x400

.interrupts     0x00000000       0xc0
                0x00000000                __vector_table = .
                0x00000000                . = ALIGN (0x4)
 *(.vectortable)
 .vectortable   0x00000000       0xc0 ./Static_Code/System/Vectors.o
                0x00000000                __vect_table
                0x000000c0                . = ALIGN (0x4)

.cfmprotect     0x00000400       0x10
                0x00000400                . = ALIGN (0x4)
 *(.cfmconfig)
 .cfmconfig     0x00000400       0x10 ./Static_Code/System/CPU_Init.o
                0x00000400                _cfm
                0x00000410                . = ALIGN (0x4)

.text           0x00000410     0x1668
                0x00000410                . = ALIGN (0x4)
 *(.text)
 .text          0x00000410       0x60 /opt/Freescale/KDS_v3/toolchain/bin/../lib/gcc/arm-none-eabi/4.9.3/armv6-m/crtbegin.o
 .text          0x00000470       0x78 /opt/Freescale/KDS_v3/toolchain/bin/../lib/gcc/arm-none-eabi/4.9.3/../../../../arm-none-eabi/lib/armv6-m/crt0.o
                0x00000470                _mainCRTStartup
                0x00000470                _start
 *(.text*)
 .text.__init_hardware
                0x000004e8       0x4c ./Static_Code/System/CPU_Init.o
                0x000004e8                __init_hardware
 .text.PE_low_level_init
                0x00000534       0x44 ./Static_Code/System/CPU_Init.o
                0x00000534                PE_low_level_init
 .text.CPU_GetClockGenMode
                0x00000578       0x6c ./Static_Code/System/CPU_Init.o
                0x00000578                CPU_GetClockGenMode
 .text.CPU_SetClockConfigGenMode
                0x000005e4      0x27c ./Static_Code/System/CPU_Init.o
                0x000005e4                CPU_SetClockConfigGenMode
 .text.UnhandledInterrupt
                0x00000860        0xc ./Static_Code/System/Vectors.o
                0x00000860                UnhandledInterrupt
 .text.SendChar
                0x0000086c       0x3c ./Sources/Application.o
 .text.SendString
                0x000008a8       0x2c ./Sources/Application.o
 .text.Init     0x000008d4       0x88 ./Sources/Application.o
 .text.APP_Run  0x0000095c       0xa4 ./Sources/Application.o
                0x0000095c                APP_Run
 .text.Cpu_OnNMI
                0x00000a00        0x8 ./Sources/Events.o
                0x00000a00                Cpu_OnNMI
 .text.CAN1_OnFreeTxBuffer
                0x00000a08       0x20 ./Sources/Events.o
                0x00000a08                CAN1_OnFreeTxBuffer
 .text.CAN1_OnFullRxBuffer
                0x00000a28       0x64 ./Sources/Events.o
                0x00000a28                CAN1_OnFullRxBuffer
 .text.AS1_OnBlockReceived
                0x00000a8c       0x30 ./Sources/Events.o
                0x00000a8c                AS1_OnBlockReceived
 .text.AS1_OnBlockSent
                0x00000abc       0x18 ./Sources/Events.o
                0x00000abc                AS1_OnBlockSent
 .text.main     0x00000ad4       0x10 ./Sources/main.o
                0x00000ad4                main
 .text.__copy_rom_section
                0x00000ae4       0xd8 ./Project_Settings/Startup_Code/startup.o
                0x00000ae4                __copy_rom_section
 .text.__copy_rom_sections_to_ram
                0x00000bbc       0x98 ./Project_Settings/Startup_Code/startup.o
                0x00000bbc                __copy_rom_sections_to_ram
 .text.__init_registers
                0x00000c54        0x8 ./Project_Settings/Startup_Code/startup.o
                0x00000c54                __init_registers
 .text.__init_user
                0x00000c5c        0x8 ./Project_Settings/Startup_Code/startup.o
                0x00000c5c                __init_user
 .text.__thumb_startup
                0x00000c64       0x30 ./Project_Settings/Startup_Code/startup.o
                0x00000c64                __thumb_startup
 .text.AS1_Init
                0x00000c94      0x144 ./Generated_Code/AS1.o
                0x00000c94                AS1_Init
 .text.AS1_ReceiveBlock
                0x00000dd8       0x98 ./Generated_Code/AS1.o
                0x00000dd8                AS1_ReceiveBlock
 .text.AS1_SendBlock
                0x00000e70       0xc4 ./Generated_Code/AS1.o
                0x00000e70                AS1_SendBlock
 .text.InterruptRx
                0x00000f34       0x58 ./Generated_Code/AS1.o
 .text.InterruptTx
                0x00000f8c       0x80 ./Generated_Code/AS1.o
 .text.AS1_Interrupt
                0x0000100c       0x5c ./Generated_Code/AS1.o
                0x0000100c                AS1_Interrupt
 .text.CAN1_Init
                0x00001068      0x1c8 ./Generated_Code/CAN1.o
                0x00001068                CAN1_Init
 .text.CAN1_ReadFrame
                0x00001230      0x20c ./Generated_Code/CAN1.o
                0x00001230                CAN1_ReadFrame
 .text.CAN1_TxInterrupt
                0x0000143c       0xc4 ./Generated_Code/CAN1.o
                0x0000143c                CAN1_TxInterrupt
 .text.CAN1_RxInterrupt
                0x00001500       0x3c ./Generated_Code/CAN1.o
                0x00001500                CAN1_RxInterrupt
 .text.CAN_RxBuff_Put
                0x0000153c       0x8c ./Generated_Code/CAN_RxBuff.o
                0x0000153c                CAN_RxBuff_Put
 .text.CAN_RxBuff_Get
                0x000015c8       0x88 ./Generated_Code/CAN_RxBuff.o
                0x000015c8                CAN_RxBuff_Get
 .text.CAN_RxBuff_NofElements
                0x00001650       0x14 ./Generated_Code/CAN_RxBuff.o
                0x00001650                CAN_RxBuff_NofElements
 .text.CAN_RxBuff_Init
                0x00001664       0x28 ./Generated_Code/CAN_RxBuff.o
                0x00001664                CAN_RxBuff_Init
 .text.Components_Init
                0x0000168c       0x34 ./Generated_Code/Cpu.o
                0x0000168c                Components_Init
 .text.Cpu_INT_NMIInterrupt
                0x000016c0        0xc ./Generated_Code/Cpu.o
                0x000016c0                Cpu_INT_NMIInterrupt
 .text.GREENLED_Init
                0x000016cc       0x4c ./Generated_Code/GREENLED.o
                0x000016cc                GREENLED_Init
 .text.GREENLED_NegVal
                0x00001718       0x1c ./Generated_Code/GREENLED.o
                0x00001718                GREENLED_NegVal
 .text.REDLED_Init
                0x00001734       0x4c ./Generated_Code/REDLED.o
                0x00001734                REDLED_Init
 .text.TU1_Init
                0x00001780       0x5c ./Generated_Code/TU1.o
                0x00001780                TU1_Init
 .text.TU1_ResetCounter
                0x000017dc       0x1c ./Generated_Code/TU1.o
                0x000017dc                TU1_ResetCounter
 .text.TU1_GetCounterValue
                0x000017f8       0x18 ./Generated_Code/TU1.o
                0x000017f8                TU1_GetCounterValue
 .text.UART_RxBuff_Put
                0x00001810       0x8c ./Generated_Code/UART_RxBuff.o
                0x00001810                UART_RxBuff_Put
 .text.UART_RxBuff_Init
                0x0000189c       0x28 ./Generated_Code/UART_RxBuff.o
                0x0000189c                UART_RxBuff_Init
 .text.exit     0x000018c4       0x2c /opt/Freescale/KDS_v3/toolchain/bin/../lib/gcc/arm-none-eabi/4.9.3/../../../../arm-none-eabi/lib/armv6-m/libg_nano.a(lib_a-exit.o)
                0x000018c4                exit
 .text.__libc_init_array
                0x000018f0       0x4c /opt/Freescale/KDS_v3/toolchain/bin/../lib/gcc/arm-none-eabi/4.9.3/../../../../arm-none-eabi/lib/armv6-m/libg_nano.a(lib_a-init.o)
                0x000018f0                __libc_init_array
 .text.memcpy   0x0000193c       0x12 /opt/Freescale/KDS_v3/toolchain/bin/../lib/gcc/arm-none-eabi/4.9.3/../../../../arm-none-eabi/lib/armv6-m/libg_nano.a(lib_a-memcpy.o)
                0x0000193c                memcpy
 .text.memset   0x0000194e       0x10 /opt/Freescale/KDS_v3/toolchain/bin/../lib/gcc/arm-none-eabi/4.9.3/../../../../arm-none-eabi/lib/armv6-m/libg_nano.a(lib_a-memset.o)
                0x0000194e                memset
 *fill*         0x0000195e        0x2 
 .text._exit    0x00001960        0x4 /opt/Freescale/KDS_v3/toolchain/bin/../lib/gcc/arm-none-eabi/4.9.3/../../../../arm-none-eabi/lib/armv6-m/libnosys.a(_exit.o)
                0x00001960                _exit
 *(.rodata)
 .rodata        0x00001964       0x1b ./Sources/Application.o
 *(.rodata*)
 *fill*         0x0000197f        0x1 
 .rodata.ClockGenModeMatrix
                0x00001980       0x48 ./Static_Code/System/CPU_Init.o
 .rodata.CPU_ClockConfigDescriptors
                0x000019c8       0x10 ./Static_Code/System/CPU_Init.o
 .rodata.CPU_DefaultFEI
                0x000019d8        0x5 ./Static_Code/System/CPU_Init.o
 *fill*         0x000019dd        0x3 
 .rodata.CPU_DefaultFBI
                0x000019e0        0x5 ./Static_Code/System/CPU_Init.o
 *fill*         0x000019e5        0x3 
 .rodata.CPU_DefaultFBILP
                0x000019e8        0x5 ./Static_Code/System/CPU_Init.o
 *fill*         0x000019ed        0x3 
 .rodata.CPU_DefaultFEE
                0x000019f0        0x5 ./Static_Code/System/CPU_Init.o
 *fill*         0x000019f5        0x3 
 .rodata.CPU_DefaultFBE
                0x000019f8        0x5 ./Static_Code/System/CPU_Init.o
 *fill*         0x000019fd        0x3 
 .rodata.CPU_DefaultFBELP
                0x00001a00        0x5 ./Static_Code/System/CPU_Init.o
 *fill*         0x00001a05        0x3 
 .rodata.CPU_ClockGenModeRegs
                0x00001a08       0x18 ./Static_Code/System/CPU_Init.o
 .rodata.CPU_SetClockConfigGenMode
                0x00001a20       0x30 ./Static_Code/System/CPU_Init.o
 .rodata.RemapBuffersIdxToHw
                0x00001a50        0x2 ./Generated_Code/CAN1.o
 *fill*         0x00001a52        0x2 
 .rodata.RemapHwToTxBuffersIdx
                0x00001a54        0x1 ./Generated_Code/CAN1.o
 *fill*         0x00001a55        0x3 
 .rodata.RemapHwToRxBuffersIdx
                0x00001a58        0x1 ./Generated_Code/CAN1.o
 .rodata.str1.1
                0x00001a59        0x2 /opt/Freescale/KDS_v3/toolchain/bin/../lib/gcc/arm-none-eabi/4.9.3/../../../../arm-none-eabi/lib/armv6-m/libg_nano.a(lib_a-impure.o)
 *fill*         0x00001a5b        0x1 
 .rodata._global_impure_ptr
                0x00001a5c        0x4 /opt/Freescale/KDS_v3/toolchain/bin/../lib/gcc/arm-none-eabi/4.9.3/../../../../arm-none-eabi/lib/armv6-m/libg_nano.a(lib_a-impure.o)
                0x00001a5c                _global_impure_ptr
 *(.glue_7)
 .glue_7        0x00000000        0x0 linker stubs
 *(.glue_7t)
 .glue_7t       0x00000000        0x0 linker stubs
 *(.eh_frame)
 .eh_frame      0x00001a60        0x0 /opt/Freescale/KDS_v3/toolchain/bin/../lib/gcc/arm-none-eabi/4.9.3/armv6-m/crtbegin.o
 *(.init)
 .init          0x00001a60        0x4 /opt/Freescale/KDS_v3/toolchain/bin/../lib/gcc/arm-none-eabi/4.9.3/armv6-m/crti.o
                0x00001a60                _init
 .init          0x00001a64        0x8 /opt/Freescale/KDS_v3/toolchain/bin/../lib/gcc/arm-none-eabi/4.9.3/armv6-m/crtn.o
 *(.fini)
 .fini          0x00001a6c        0x4 /opt/Freescale/KDS_v3/toolchain/bin/../lib/gcc/arm-none-eabi/4.9.3/armv6-m/crti.o
                0x00001a6c                _fini
 .fini          0x00001a70        0x8 /opt/Freescale/KDS_v3/toolchain/bin/../lib/gcc/arm-none-eabi/4.9.3/armv6-m/crtn.o
                0x00001a78                . = ALIGN (0x4)
                0x00001a78                _etext = .

.vfp11_veneer   0x00001a78        0x0
 .vfp11_veneer  0x00000000        0x0 linker stubs

.v4_bx          0x00001a78        0x0
 .v4_bx         0x00000000        0x0 linker stubs

.iplt           0x00001a78        0x0
 .iplt          0x00000000        0x0 /opt/Freescale/KDS_v3/toolchain/bin/../lib/gcc/arm-none-eabi/4.9.3/armv6-m/crtbegin.o

.ARM.extab
 *(.ARM.extab* .gnu.linkonce.armextab.*)

.ARM            0x00001a78        0x8
                0x00001a78                __exidx_start = .
 *(.ARM.exidx*)
 .ARM.exidx     0x00001a78        0x8 /opt/Freescale/KDS_v3/toolchain/bin/../lib/gcc/arm-none-eabi/4.9.3/../../../../arm-none-eabi/lib/armv6-m/crt0.o
                0x00001a80                __exidx_end = .

.rel.dyn        0x00001a80        0x0
 .rel.iplt      0x00000000        0x0 /opt/Freescale/KDS_v3/toolchain/bin/../lib/gcc/arm-none-eabi/4.9.3/armv6-m/crtbegin.o

.ctors          0x00001a80        0x0
                0x00001a80                __CTOR_LIST__ = .
 *crtbegin.o(.ctors)
 *(EXCLUDE_FILE(*crtend.o) .ctors)
 *(SORT(.ctors.*))
 *(.ctors)
                0x00001a80                __CTOR_END__ = .

.dtors          0x00001a80        0x0
                0x00001a80                __DTOR_LIST__ = .
 *crtbegin.o(.dtors)
 *(EXCLUDE_FILE(*crtend.o) .dtors)
 *(SORT(.dtors.*))
 *(.dtors)
                0x00001a80                __DTOR_END__ = .

.preinit_array  0x00001a80        0x0
                0x00001a80                PROVIDE (__preinit_array_start, .)
 *(.preinit_array*)
                0x00001a80                PROVIDE (__preinit_array_end, .)

.init_array     0x00001a80        0x4
                0x00001a80                PROVIDE (__init_array_start, .)
 *(SORT(.init_array.*))
 *(.init_array*)
 .init_array    0x00001a80        0x4 /opt/Freescale/KDS_v3/toolchain/bin/../lib/gcc/arm-none-eabi/4.9.3/armv6-m/crtbegin.o
                0x00001a84                PROVIDE (__init_array_end, .)

.fini_array     0x00001a84        0x4
                0x00001a84                PROVIDE (__fini_array_start, .)
 *(SORT(.fini_array.*))
 *(.fini_array*)
 .fini_array    0x00001a84        0x4 /opt/Freescale/KDS_v3/toolchain/bin/../lib/gcc/arm-none-eabi/4.9.3/armv6-m/crtbegin.o
                0x00001a88                PROVIDE (__fini_array_end, .)
                0x00001a88                ___ROM_AT = .

.mtb            0x1ffff000        0x0
                0x1ffff000                . = ALIGN (0x8)
                0x1ffff000                _mtb_start = .
 *(.mtb_buf)
                0x1ffff000                . = ALIGN (0x8)
                0x1ffff000                _mtb_end = .

.data           0x1ffff000       0x60 load address 0x00001a88
                0x1ffff000                . = ALIGN (0x4)
                0x1ffff000                _sdata = .
 *(.data)
 *(.data*)
 .data.impure_data
                0x1ffff000       0x60 /opt/Freescale/KDS_v3/toolchain/bin/../lib/gcc/arm-none-eabi/4.9.3/../../../../arm-none-eabi/lib/armv6-m/libg_nano.a(lib_a-impure.o)
                0x1ffff060                . = ALIGN (0x4)
                0x1ffff060                _edata = .
                0x00000060                ___data_size = (_edata - _sdata)

.jcr            0x1ffff060        0x0 load address 0x00001ae8
 .jcr           0x1ffff060        0x0 /opt/Freescale/KDS_v3/toolchain/bin/../lib/gcc/arm-none-eabi/4.9.3/armv6-m/crtbegin.o

.igot.plt       0x1ffff060        0x0 load address 0x00001ae8
 .igot.plt      0x00000000        0x0 /opt/Freescale/KDS_v3/toolchain/bin/../lib/gcc/arm-none-eabi/4.9.3/armv6-m/crtbegin.o
                0x1ffff060                . = ALIGN (0x4)

.bss            0x1ffff060      0x150 load address 0x00001ae8
                0x1ffff060                __START_BSS = .
                0x1ffff060                PROVIDE (__bss_start__, __START_BSS)
 *(.bss)
 .bss           0x1ffff060       0x1c /opt/Freescale/KDS_v3/toolchain/bin/../lib/gcc/arm-none-eabi/4.9.3/armv6-m/crtbegin.o
 *(.bss*)
 .bss.SR_lock   0x1ffff07c        0x1 ./Static_Code/System/CPU_Init.o
                0x1ffff07c                SR_lock
 *fill*         0x1ffff07d        0x3 
 .bss.uartData  0x1ffff080        0xc ./Sources/Application.o
 .bss.canData   0x1ffff08c        0xc ./Sources/Application.o
 .bss.DataFrameRxFlg
                0x1ffff098        0x1 ./Sources/Application.o
                0x1ffff098                DataFrameRxFlg
 *fill*         0x1ffff099        0x3 
 .bss.DeviceDataPrv__DEFAULT_RTOS_ALLOC
                0x1ffff09c       0x18 ./Generated_Code/AS1.o
 .bss.INT_UART1__DEFAULT_RTOS_ISRPARAM
                0x1ffff0b4        0x4 ./Generated_Code/AS1.o
 .bss.DeviceDataPrv__DEFAULT_RTOS_ALLOC
                0x1ffff0b8       0x24 ./Generated_Code/CAN1.o
 .bss.INT_MSCAN_TX__DEFAULT_RTOS_ISRPARAM
                0x1ffff0dc        0x4 ./Generated_Code/CAN1.o
 .bss.INT_MSCAN_RX__DEFAULT_RTOS_ISRPARAM
                0x1ffff0e0        0x4 ./Generated_Code/CAN1.o
 .bss.CAN_RxBuff_buffer
                0x1ffff0e4       0x40 ./Generated_Code/CAN_RxBuff.o
 .bss.CAN_RxBuff_inIdx
                0x1ffff124        0x1 ./Generated_Code/CAN_RxBuff.o
 .bss.CAN_RxBuff_outIdx
                0x1ffff125        0x1 ./Generated_Code/CAN_RxBuff.o
 .bss.CAN_RxBuff_inSize
                0x1ffff126        0x1 ./Generated_Code/CAN_RxBuff.o
 *fill*         0x1ffff127        0x1 
 .bss.DeviceDataPrv__DEFAULT_RTOS_ALLOC
                0x1ffff128        0x4 ./Generated_Code/GREENLED.o
 .bss.PE_LDD_DeviceDataList
                0x1ffff12c       0x14 ./Generated_Code/PE_LDD.o
                0x1ffff12c                PE_LDD_DeviceDataList
 .bss.DeviceDataPrv__DEFAULT_RTOS_ALLOC
                0x1ffff140        0x4 ./Generated_Code/REDLED.o
 .bss.DeviceDataPrv__DEFAULT_RTOS_ALLOC
                0x1ffff144        0x8 ./Generated_Code/TU1.o
 .bss.UART_RxBuff_buffer
                0x1ffff14c       0x40 ./Generated_Code/UART_RxBuff.o
 .bss.UART_RxBuff_inIdx
                0x1ffff18c        0x1 ./Generated_Code/UART_RxBuff.o
 .bss.UART_RxBuff_outIdx
                0x1ffff18d        0x1 ./Generated_Code/UART_RxBuff.o
 .bss.UART_RxBuff_inSize
                0x1ffff18e        0x1 ./Generated_Code/UART_RxBuff.o
 *(COMMON)
 COMMON         0x1ffff18f        0x1 ./Static_Code/System/CPU_Init.o
                0x1ffff18f                SR_reg
 COMMON         0x1ffff190       0x20 ./Sources/Application.o
                0x1ffff190                Frame
                0x1ffff1a4                DataFrameTxFlg
                0x1ffff1a6                Error
                0x1ffff1a8                rxbuffer
                0x1ffff1b0                . = ALIGN (0x4)
                0x1ffff1b0                __END_BSS = .
                0x1ffff1b0                PROVIDE (__bss_end__, __END_BSS)
                0x00001ae8                _romp_at = (___ROM_AT + SIZEOF (.data))

.romp           0x1ffff1b0       0x18 load address 0x00001ae8
                0x00001ae8                __S_romp = _romp_at
                0x1ffff1b0        0x4 LONG 0x1a88 ___ROM_AT
                0x1ffff1b4        0x4 LONG 0x1ffff000 _sdata
                0x1ffff1b8        0x4 LONG 0x60 ___data_size
                0x1ffff1bc        0x4 LONG 0x0
                0x1ffff1c0        0x4 LONG 0x0
                0x1ffff1c4        0x4 LONG 0x0
                0x00020000                text_end = (ORIGIN (m_text) + 0x1fbf0)
                0x00001b00                data_init_end = ((___ROM_AT + SIZEOF (.data)) + SIZEOF (.romp))
                0x00000001                ASSERT ((data_init_end <= text_end), region m_text overflowed with text and data)

._user_heap_stack
                0x1ffff1c8      0x400 load address 0x00001b00
                0x1ffff1c8                . = ALIGN (0x4)
                0x1ffff1c8                PROVIDE (end, .)
                0x1ffff1c8                PROVIDE (_end, .)
                0x1ffff1c8                PROVIDE (__end__, .)
                0x1ffff1c8                __heap_addr = .
                0x1ffff1c8                __HeapBase = .
                0x1ffff1c8                . = (. + __heap_size)
                0x1ffff1c8                __HeapLimit = .
                0x1ffff5c8                . = (. + __stack_size)
 *fill*         0x1ffff1c8      0x400 
                0x1ffff5c8                . = ALIGN (0x4)

.ARM.attributes
                0x00000000       0x28
 *(.ARM.attributes)
 .ARM.attributes
                0x00000000       0x1e /opt/Freescale/KDS_v3/toolchain/bin/../lib/gcc/arm-none-eabi/4.9.3/armv6-m/crti.o
 .ARM.attributes
                0x0000001e       0x2c /opt/Freescale/KDS_v3/toolchain/bin/../lib/gcc/arm-none-eabi/4.9.3/armv6-m/crtbegin.o
 .ARM.attributes
                0x0000004a       0x1b /opt/Freescale/KDS_v3/toolchain/bin/../lib/gcc/arm-none-eabi/4.9.3/../../../../arm-none-eabi/lib/armv6-m/crt0.o
 .ARM.attributes
                0x00000065       0x32 ./Static_Code/System/CPU_Init.o
 .ARM.attributes
                0x00000097       0x32 ./Static_Code/System/Vectors.o
 .ARM.attributes
                0x000000c9       0x32 ./Sources/Application.o
 .ARM.attributes
                0x000000fb       0x32 ./Sources/Events.o
 .ARM.attributes
                0x0000012d       0x32 ./Sources/main.o
 .ARM.attributes
                0x0000015f       0x32 ./Project_Settings/Startup_Code/startup.o
 .ARM.attributes
                0x00000191       0x32 ./Generated_Code/AS1.o
 .ARM.attributes
                0x000001c3       0x32 ./Generated_Code/CAN1.o
 .ARM.attributes
                0x000001f5       0x32 ./Generated_Code/CAN_RxBuff.o
 .ARM.attributes
                0x00000227       0x32 ./Generated_Code/Cpu.o
 .ARM.attributes
                0x00000259       0x32 ./Generated_Code/GREENLED.o
 .ARM.attributes
                0x0000028b       0x32 ./Generated_Code/PE_LDD.o
 .ARM.attributes
                0x000002bd       0x32 ./Generated_Code/REDLED.o
 .ARM.attributes
                0x000002ef       0x32 ./Generated_Code/TU1.o
 .ARM.attributes
                0x00000321       0x32 ./Generated_Code/UART_RxBuff.o
 .ARM.attributes
                0x00000353       0x2c /opt/Freescale/KDS_v3/toolchain/bin/../lib/gcc/arm-none-eabi/4.9.3/../../../../arm-none-eabi/lib/armv6-m/libg_nano.a(lib_a-exit.o)
 .ARM.attributes
                0x0000037f       0x2c /opt/Freescale/KDS_v3/toolchain/bin/../lib/gcc/arm-none-eabi/4.9.3/../../../../arm-none-eabi/lib/armv6-m/libg_nano.a(lib_a-impure.o)
 .ARM.attributes
                0x000003ab       0x2c /opt/Freescale/KDS_v3/toolchain/bin/../lib/gcc/arm-none-eabi/4.9.3/../../../../arm-none-eabi/lib/armv6-m/libg_nano.a(lib_a-init.o)
 .ARM.attributes
                0x000003d7       0x2c /opt/Freescale/KDS_v3/toolchain/bin/../lib/gcc/arm-none-eabi/4.9.3/../../../../arm-none-eabi/lib/armv6-m/libg_nano.a(lib_a-memcpy.o)
 .ARM.attributes
                0x00000403       0x2c /opt/Freescale/KDS_v3/toolchain/bin/../lib/gcc/arm-none-eabi/4.9.3/../../../../arm-none-eabi/lib/armv6-m/libg_nano.a(lib_a-memset.o)
 .ARM.attributes
                0x0000042f       0x2c /opt/Freescale/KDS_v3/toolchain/bin/../lib/gcc/arm-none-eabi/4.9.3/../../../../arm-none-eabi/lib/armv6-m/libnosys.a(_exit.o)
 .ARM.attributes
                0x0000045b       0x1e /opt/Freescale/KDS_v3/toolchain/bin/../lib/gcc/arm-none-eabi/4.9.3/armv6-m/crtn.o
OUTPUT(hello_can.elf elf32-littlearm)

.debug_info     0x00000000     0x388a
 .debug_info    0x00000000      0x750 ./Static_Code/System/CPU_Init.o
 .debug_info    0x00000750      0x459 ./Static_Code/System/Vectors.o
 .debug_info    0x00000ba9      0x381 ./Sources/Application.o
 .debug_info    0x00000f2a      0x373 ./Sources/Events.o
 .debug_info    0x0000129d       0x9a ./Sources/main.o
 .debug_info    0x00001337      0x20a ./Project_Settings/Startup_Code/startup.o
 .debug_info    0x00001541      0x574 ./Generated_Code/AS1.o
 .debug_info    0x00001ab5      0x99f ./Generated_Code/CAN1.o
 .debug_info    0x00002454      0x34b ./Generated_Code/CAN_RxBuff.o
 .debug_info    0x0000279f      0x164 ./Generated_Code/Cpu.o
 .debug_info    0x00002903      0x2fe ./Generated_Code/GREENLED.o
 .debug_info    0x00002c01      0x24d ./Generated_Code/PE_LDD.o
 .debug_info    0x00002e4e      0x2fe ./Generated_Code/REDLED.o
 .debug_info    0x0000314c      0x3f3 ./Generated_Code/TU1.o
 .debug_info    0x0000353f      0x34b ./Generated_Code/UART_RxBuff.o

.debug_abbrev   0x00000000     0x132b
 .debug_abbrev  0x00000000      0x1d5 ./Static_Code/System/CPU_Init.o
 .debug_abbrev  0x000001d5       0xd8 ./Static_Code/System/Vectors.o
 .debug_abbrev  0x000002ad      0x18f ./Sources/Application.o
 .debug_abbrev  0x0000043c      0x16e ./Sources/Events.o
 .debug_abbrev  0x000005aa       0x47 ./Sources/main.o
 .debug_abbrev  0x000005f1      0x11e ./Project_Settings/Startup_Code/startup.o
 .debug_abbrev  0x0000070f      0x1b8 ./Generated_Code/AS1.o
 .debug_abbrev  0x000008c7      0x1e5 ./Generated_Code/CAN1.o
 .debug_abbrev  0x00000aac      0x189 ./Generated_Code/CAN_RxBuff.o
 .debug_abbrev  0x00000c35       0x8d ./Generated_Code/Cpu.o
 .debug_abbrev  0x00000cc2      0x147 ./Generated_Code/GREENLED.o
 .debug_abbrev  0x00000e09      0x10d ./Generated_Code/PE_LDD.o
 .debug_abbrev  0x00000f16      0x147 ./Generated_Code/REDLED.o
 .debug_abbrev  0x0000105d      0x145 ./Generated_Code/TU1.o
 .debug_abbrev  0x000011a2      0x189 ./Generated_Code/UART_RxBuff.o

.debug_aranges  0x00000000      0x558
 .debug_aranges
                0x00000000       0x38 ./Static_Code/System/CPU_Init.o
 .debug_aranges
                0x00000038      0x190 ./Static_Code/System/Vectors.o
 .debug_aranges
                0x000001c8       0x38 ./Sources/Application.o
 .debug_aranges
                0x00000200       0x40 ./Sources/Events.o
 .debug_aranges
                0x00000240       0x20 ./Sources/main.o
 .debug_aranges
                0x00000260       0x50 ./Project_Settings/Startup_Code/startup.o
 .debug_aranges
                0x000002b0       0x48 ./Generated_Code/AS1.o
 .debug_aranges
                0x000002f8       0x48 ./Generated_Code/CAN1.o
 .debug_aranges
                0x00000340       0x68 ./Generated_Code/CAN_RxBuff.o
 .debug_aranges
                0x000003a8       0x28 ./Generated_Code/Cpu.o
 .debug_aranges
                0x000003d0       0x58 ./Generated_Code/GREENLED.o
 .debug_aranges
                0x00000428       0x30 ./Generated_Code/PE_LDD.o
 .debug_aranges
                0x00000458       0x58 ./Generated_Code/REDLED.o
 .debug_aranges
                0x000004b0       0x40 ./Generated_Code/TU1.o
 .debug_aranges
                0x000004f0       0x68 ./Generated_Code/UART_RxBuff.o

.debug_ranges   0x00000000      0x468
 .debug_ranges  0x00000000       0x28 ./Static_Code/System/CPU_Init.o
 .debug_ranges  0x00000028      0x180 ./Static_Code/System/Vectors.o
 .debug_ranges  0x000001a8       0x28 ./Sources/Application.o
 .debug_ranges  0x000001d0       0x30 ./Sources/Events.o
 .debug_ranges  0x00000200       0x10 ./Sources/main.o
 .debug_ranges  0x00000210       0x40 ./Project_Settings/Startup_Code/startup.o
 .debug_ranges  0x00000250       0x38 ./Generated_Code/AS1.o
 .debug_ranges  0x00000288       0x38 ./Generated_Code/CAN1.o
 .debug_ranges  0x000002c0       0x58 ./Generated_Code/CAN_RxBuff.o
 .debug_ranges  0x00000318       0x18 ./Generated_Code/Cpu.o
 .debug_ranges  0x00000330       0x48 ./Generated_Code/GREENLED.o
 .debug_ranges  0x00000378       0x20 ./Generated_Code/PE_LDD.o
 .debug_ranges  0x00000398       0x48 ./Generated_Code/REDLED.o
 .debug_ranges  0x000003e0       0x30 ./Generated_Code/TU1.o
 .debug_ranges  0x00000410       0x58 ./Generated_Code/UART_RxBuff.o

.debug_macro    0x00000000    0x173ca
 .debug_macro   0x00000000      0x1df ./Static_Code/System/CPU_Init.o
 .debug_macro   0x000001df      0x81a ./Static_Code/System/CPU_Init.o
 .debug_macro   0x000009f9       0x22 ./Static_Code/System/CPU_Init.o
 .debug_macro   0x00000a1b       0x44 ./Static_Code/System/CPU_Init.o
 .debug_macro   0x00000a5f       0xe3 ./Static_Code/System/CPU_Init.o
 .debug_macro   0x00000b42       0x22 ./Static_Code/System/CPU_Init.o
 .debug_macro   0x00000b64      0x1df ./Static_Code/System/CPU_Init.o
 .debug_macro   0x00000d43     0x15a7 ./Static_Code/System/CPU_Init.o
 .debug_macro   0x000022ea     0x539e ./Static_Code/System/CPU_Init.o
 .debug_macro   0x00007688      0x2d6 ./Static_Code/System/CPU_Init.o
 .debug_macro   0x0000795e      0x14e ./Static_Code/System/CPU_Init.o
 .debug_macro   0x00007aac       0x5e ./Static_Code/System/CPU_Init.o
 .debug_macro   0x00007b0a       0x94 ./Static_Code/System/CPU_Init.o
 .debug_macro   0x00007b9e      0x6a0 ./Static_Code/System/CPU_Init.o
 .debug_macro   0x0000823e       0x58 ./Static_Code/System/CPU_Init.o
 .debug_macro   0x00008296       0x35 ./Static_Code/System/CPU_Init.o
 .debug_macro   0x000082cb       0x9c ./Static_Code/System/CPU_Init.o
 .debug_macro   0x00008367       0x16 ./Static_Code/System/CPU_Init.o
 .debug_macro   0x0000837d       0x67 ./Static_Code/System/CPU_Init.o
 .debug_macro   0x000083e4      0x132 ./Static_Code/System/CPU_Init.o
 .debug_macro   0x00008516       0x52 ./Static_Code/System/CPU_Init.o
 .debug_macro   0x00008568       0x58 ./Static_Code/System/CPU_Init.o
 .debug_macro   0x000085c0       0x50 ./Static_Code/System/CPU_Init.o
 .debug_macro   0x00008610       0x22 ./Static_Code/System/CPU_Init.o
 .debug_macro   0x00008632       0x22 ./Static_Code/System/CPU_Init.o
 .debug_macro   0x00008654       0x2e ./Static_Code/System/CPU_Init.o
 .debug_macro   0x00008682       0x1d ./Static_Code/System/CPU_Init.o
 .debug_macro   0x0000869f       0x12 ./Static_Code/System/CPU_Init.o
 .debug_macro   0x000086b1       0x2e ./Static_Code/System/CPU_Init.o
 .debug_macro   0x000086df       0x1d ./Static_Code/System/CPU_Init.o
 .debug_macro   0x000086fc      0x1f8 ./Static_Code/System/Vectors.o
 .debug_macro   0x000088f4      0x12a ./Static_Code/System/Vectors.o
 .debug_macro   0x00008a1e      0x1be ./Sources/Application.o
 .debug_macro   0x00008bdc      0x2c7 ./Sources/Events.o
 .debug_macro   0x00008ea3      0x5cf ./Sources/Events.o
 .debug_macro   0x00009472      0x2d3 ./Sources/Events.o
 .debug_macro   0x00009745      0x109 ./Sources/Events.o
 .debug_macro   0x0000984e      0x223 ./Sources/Events.o
 .debug_macro   0x00009a71      0x299 ./Sources/Events.o
 .debug_macro   0x00009d0a       0x65 ./Sources/Events.o
 .debug_macro   0x00009d6f      0x20f ./Sources/Events.o
 .debug_macro   0x00009f7e      0x13f ./Sources/Events.o
 .debug_macro   0x0000a0bd      0x63a ./Sources/Events.o
 .debug_macro   0x0000a6f7     0x266f ./Sources/Events.o
 .debug_macro   0x0000cd66       0xbb ./Sources/Events.o
 .debug_macro   0x0000ce21       0xe9 ./Sources/Events.o
 .debug_macro   0x0000cf0a      0x4ea ./Sources/Events.o
 .debug_macro   0x0000d3f4      0x13a ./Sources/Events.o
 .debug_macro   0x0000d52e       0xb8 ./Sources/Events.o
 .debug_macro   0x0000d5e6      0x179 ./Sources/Events.o
 .debug_macro   0x0000d75f      0x987 ./Sources/Events.o
 .debug_macro   0x0000e0e6      0x648 ./Sources/Events.o
 .debug_macro   0x0000e72e       0x86 ./Sources/Events.o
 .debug_macro   0x0000e7b4      0x7b8 ./Sources/Events.o
 .debug_macro   0x0000ef6c      0x162 ./Sources/Events.o
 .debug_macro   0x0000f0ce      0x2c7 ./Sources/main.o
 .debug_macro   0x0000f395      0x139 ./Project_Settings/Startup_Code/startup.o
 .debug_macro   0x0000f4ce      0x166 ./Project_Settings/Startup_Code/startup.o
 .debug_macro   0x0000f634       0x4a ./Project_Settings/Startup_Code/startup.o
 .debug_macro   0x0000f67e       0x52 ./Project_Settings/Startup_Code/startup.o
 .debug_macro   0x0000f6d0       0x16 ./Project_Settings/Startup_Code/startup.o
 .debug_macro   0x0000f6e6       0x43 ./Project_Settings/Startup_Code/startup.o
 .debug_macro   0x0000f729      0x180 ./Project_Settings/Startup_Code/startup.o
 .debug_macro   0x0000f8a9      0x29d ./Project_Settings/Startup_Code/startup.o
 .debug_macro   0x0000fb46       0x10 ./Project_Settings/Startup_Code/startup.o
 .debug_macro   0x0000fb56       0x35 ./Project_Settings/Startup_Code/startup.o
 .debug_macro   0x0000fb8b       0x16 ./Project_Settings/Startup_Code/startup.o
 .debug_macro   0x0000fba1       0x22 ./Project_Settings/Startup_Code/startup.o
 .debug_macro   0x0000fbc3       0x10 ./Project_Settings/Startup_Code/startup.o
 .debug_macro   0x0000fbd3     0x5392 ./Project_Settings/Startup_Code/startup.o
 .debug_macro   0x00014f65      0x200 ./Generated_Code/AS1.o
 .debug_macro   0x00015165       0x4a ./Generated_Code/AS1.o
 .debug_macro   0x000151af      0x209 ./Generated_Code/CAN1.o
 .debug_macro   0x000153b8      0x11b ./Generated_Code/CAN_RxBuff.o
 .debug_macro   0x000154d3     0x15ad ./Generated_Code/CAN_RxBuff.o
 .debug_macro   0x00016a80      0x1e1 ./Generated_Code/Cpu.o
 .debug_macro   0x00016c61      0x10c ./Generated_Code/GREENLED.o
 .debug_macro   0x00016d6d      0x12c ./Generated_Code/GREENLED.o
 .debug_macro   0x00016e99       0x52 ./Generated_Code/GREENLED.o
 .debug_macro   0x00016eeb      0x1ac ./Generated_Code/PE_LDD.o
 .debug_macro   0x00017097      0x10c ./Generated_Code/REDLED.o
 .debug_macro   0x000171a3      0x10c ./Generated_Code/TU1.o
 .debug_macro   0x000172af      0x11b ./Generated_Code/UART_RxBuff.o

.debug_line     0x00000000     0x48d6
 .debug_line    0x00000000      0x532 ./Static_Code/System/CPU_Init.o
 .debug_line    0x00000532      0x7a7 ./Static_Code/System/Vectors.o
 .debug_line    0x00000cd9      0x4a0 ./Sources/Application.o
 .debug_line    0x00001179      0x5c4 ./Sources/Events.o
 .debug_line    0x0000173d      0x562 ./Sources/main.o
 .debug_line    0x00001c9f      0x3a9 ./Project_Settings/Startup_Code/startup.o
 .debug_line    0x00002048      0x577 ./Generated_Code/AS1.o
 .debug_line    0x000025bf      0x5e9 ./Generated_Code/CAN1.o
 .debug_line    0x00002ba8      0x420 ./Generated_Code/CAN_RxBuff.o
 .debug_line    0x00002fc8      0x4c0 ./Generated_Code/Cpu.o
 .debug_line    0x00003488      0x404 ./Generated_Code/GREENLED.o
 .debug_line    0x0000388c      0x463 ./Generated_Code/PE_LDD.o
 .debug_line    0x00003cef      0x400 ./Generated_Code/REDLED.o
 .debug_line    0x000040ef      0x3c5 ./Generated_Code/TU1.o
 .debug_line    0x000044b4      0x422 ./Generated_Code/UART_RxBuff.o

.debug_str      0x00000000    0x8aca6
 .debug_str     0x00000000    0x30e42 ./Static_Code/System/CPU_Init.o
                              0x3125c (size before relaxing)
 .debug_str     0x00030e42      0xbef ./Static_Code/System/Vectors.o
                              0x31a94 (size before relaxing)
 .debug_str     0x00031a31      0x1c5 ./Sources/Application.o
                              0x31030 (size before relaxing)
 .debug_str     0x00031bf6    0x56112 ./Sources/Events.o
                              0x870b3 (size before relaxing)
 .debug_str     0x00087d08       0x17 ./Sources/main.o
                              0x86eeb (size before relaxing)
 .debug_str     0x00087d1f     0x2181 ./Project_Settings/Startup_Code/startup.o
                              0x21014 (size before relaxing)
 .debug_str     0x00089ea0      0x1dd ./Generated_Code/AS1.o
                              0x3eff0 (size before relaxing)
 .debug_str     0x0008a07d      0x3dd ./Generated_Code/CAN1.o
                              0x37cf7 (size before relaxing)
 .debug_str     0x0008a45a      0x1f7 ./Generated_Code/CAN_RxBuff.o
                              0x26c38 (size before relaxing)
 .debug_str     0x0008a651       0x28 ./Generated_Code/Cpu.o
                              0x30ef2 (size before relaxing)
 .debug_str     0x0008a679      0x116 ./Generated_Code/GREENLED.o
                              0x27862 (size before relaxing)
 .debug_str     0x0008a78f      0x15a ./Generated_Code/PE_LDD.o
                              0x3101e (size before relaxing)
 .debug_str     0x0008a8e9       0xb4 ./Generated_Code/REDLED.o
                              0x2782e (size before relaxing)
 .debug_str     0x0008a99d      0x119 ./Generated_Code/TU1.o
                              0x2fcc8 (size before relaxing)
 .debug_str     0x0008aab6      0x1f0 ./Generated_Code/UART_RxBuff.o
                              0x26c51 (size before relaxing)

.comment        0x00000000       0x70
 .comment       0x00000000       0x70 ./Static_Code/System/CPU_Init.o
                                 0x71 (size before relaxing)
 .comment       0x00000000       0x71 ./Static_Code/System/Vectors.o
 .comment       0x00000000       0x71 ./Sources/Application.o
 .comment       0x00000000       0x71 ./Sources/Events.o
 .comment       0x00000000       0x71 ./Sources/main.o
 .comment       0x00000000       0x71 ./Project_Settings/Startup_Code/startup.o
 .comment       0x00000000       0x71 ./Generated_Code/AS1.o
 .comment       0x00000000       0x71 ./Generated_Code/CAN1.o
 .comment       0x00000000       0x71 ./Generated_Code/CAN_RxBuff.o
 .comment       0x00000000       0x71 ./Generated_Code/Cpu.o
 .comment       0x00000000       0x71 ./Generated_Code/GREENLED.o
 .comment       0x00000000       0x71 ./Generated_Code/PE_LDD.o
 .comment       0x00000000       0x71 ./Generated_Code/REDLED.o
 .comment       0x00000000       0x71 ./Generated_Code/TU1.o
 .comment       0x00000000       0x71 ./Generated_Code/UART_RxBuff.o

.debug_frame    0x00000000     0x1054
 .debug_frame   0x00000000       0x84 ./Static_Code/System/CPU_Init.o
 .debug_frame   0x00000084      0x534 ./Static_Code/System/Vectors.o
 .debug_frame   0x000005b8       0x8c ./Sources/Application.o
 .debug_frame   0x00000644       0xac ./Sources/Events.o
 .debug_frame   0x000006f0       0x2c ./Sources/main.o
 .debug_frame   0x0000071c       0xd0 ./Project_Settings/Startup_Code/startup.o
 .debug_frame   0x000007ec       0xd0 ./Generated_Code/AS1.o
 .debug_frame   0x000008bc       0xd0 ./Generated_Code/CAN1.o
 .debug_frame   0x0000098c      0x144 ./Generated_Code/CAN_RxBuff.o
 .debug_frame   0x00000ad0       0x48 ./Generated_Code/Cpu.o
 .debug_frame   0x00000b18      0x110 ./Generated_Code/GREENLED.o
 .debug_frame   0x00000c28       0x6c ./Generated_Code/PE_LDD.o
 .debug_frame   0x00000c94      0x110 ./Generated_Code/REDLED.o
 .debug_frame   0x00000da4       0xb0 ./Generated_Code/TU1.o
 .debug_frame   0x00000e54      0x144 ./Generated_Code/UART_RxBuff.o
 .debug_frame   0x00000f98       0x28 /opt/Freescale/KDS_v3/toolchain/bin/../lib/gcc/arm-none-eabi/4.9.3/../../../../arm-none-eabi/lib/armv6-m/libg_nano.a(lib_a-exit.o)
 .debug_frame   0x00000fc0       0x2c /opt/Freescale/KDS_v3/toolchain/bin/../lib/gcc/arm-none-eabi/4.9.3/../../../../arm-none-eabi/lib/armv6-m/libg_nano.a(lib_a-init.o)
 .debug_frame   0x00000fec       0x28 /opt/Freescale/KDS_v3/toolchain/bin/../lib/gcc/arm-none-eabi/4.9.3/../../../../arm-none-eabi/lib/armv6-m/libg_nano.a(lib_a-memcpy.o)
 .debug_frame   0x00001014       0x20 /opt/Freescale/KDS_v3/toolchain/bin/../lib/gcc/arm-none-eabi/4.9.3/../../../../arm-none-eabi/lib/armv6-m/libg_nano.a(lib_a-memset.o)
 .debug_frame   0x00001034       0x20 /opt/Freescale/KDS_v3/toolchain/bin/../lib/gcc/arm-none-eabi/4.9.3/../../../../arm-none-eabi/lib/armv6-m/libnosys.a(_exit.o)
