Archive member included because of file (symbol)

/opt/Freescale/KDS_v3/toolchain/bin/../lib/gcc/arm-none-eabi/4.9.3/../../../../arm-none-eabi/lib/armv7e-m/fpu/libg_nano.a(lib_a-exit.o)
                              /opt/Freescale/KDS_v3/toolchain/bin/../lib/gcc/arm-none-eabi/4.9.3/../../../../arm-none-eabi/lib/armv7e-m/fpu/crt0.o (exit)
/opt/Freescale/KDS_v3/toolchain/bin/../lib/gcc/arm-none-eabi/4.9.3/../../../../arm-none-eabi/lib/armv7e-m/fpu/libg_nano.a(lib_a-impure.o)
                              /opt/Freescale/KDS_v3/toolchain/bin/../lib/gcc/arm-none-eabi/4.9.3/../../../../arm-none-eabi/lib/armv7e-m/fpu/libg_nano.a(lib_a-exit.o) (_global_impure_ptr)
/opt/Freescale/KDS_v3/toolchain/bin/../lib/gcc/arm-none-eabi/4.9.3/../../../../arm-none-eabi/lib/armv7e-m/fpu/libg_nano.a(lib_a-init.o)
                              /opt/Freescale/KDS_v3/toolchain/bin/../lib/gcc/arm-none-eabi/4.9.3/../../../../arm-none-eabi/lib/armv7e-m/fpu/crt0.o (__libc_init_array)
/opt/Freescale/KDS_v3/toolchain/bin/../lib/gcc/arm-none-eabi/4.9.3/../../../../arm-none-eabi/lib/armv7e-m/fpu/libg_nano.a(lib_a-memset.o)
                              /opt/Freescale/KDS_v3/toolchain/bin/../lib/gcc/arm-none-eabi/4.9.3/../../../../arm-none-eabi/lib/armv7e-m/fpu/crt0.o (memset)
/opt/Freescale/KDS_v3/toolchain/bin/../lib/gcc/arm-none-eabi/4.9.3/../../../../arm-none-eabi/lib/armv7e-m/fpu/libnosys.a(_exit.o)
                              /opt/Freescale/KDS_v3/toolchain/bin/../lib/gcc/arm-none-eabi/4.9.3/../../../../arm-none-eabi/lib/armv7e-m/fpu/libg_nano.a(lib_a-exit.o) (_exit)

Allocating common symbols
Common symbol       size              file

Frame               0x14              ./Sources/Application.o
DataFrameTxFlg      0x1               ./Sources/Application.o
SR_reg              0x1               ./Generated_Code/Cpu.o
Error               0x2               ./Sources/Application.o

Discarded input sections

 .text          0x00000000        0x0 /opt/Freescale/KDS_v3/toolchain/bin/../lib/gcc/arm-none-eabi/4.9.3/armv7e-m/fpu/crti.o
 .data          0x00000000        0x0 /opt/Freescale/KDS_v3/toolchain/bin/../lib/gcc/arm-none-eabi/4.9.3/armv7e-m/fpu/crti.o
 .bss           0x00000000        0x0 /opt/Freescale/KDS_v3/toolchain/bin/../lib/gcc/arm-none-eabi/4.9.3/armv7e-m/fpu/crti.o
 .data          0x00000000        0x4 /opt/Freescale/KDS_v3/toolchain/bin/../lib/gcc/arm-none-eabi/4.9.3/armv7e-m/fpu/crtbegin.o
 .data          0x00000000        0x0 /opt/Freescale/KDS_v3/toolchain/bin/../lib/gcc/arm-none-eabi/4.9.3/../../../../arm-none-eabi/lib/armv7e-m/fpu/crt0.o
 .bss           0x00000000        0x0 /opt/Freescale/KDS_v3/toolchain/bin/../lib/gcc/arm-none-eabi/4.9.3/../../../../arm-none-eabi/lib/armv7e-m/fpu/crt0.o
 .ARM.extab     0x00000000        0x0 /opt/Freescale/KDS_v3/toolchain/bin/../lib/gcc/arm-none-eabi/4.9.3/../../../../arm-none-eabi/lib/armv7e-m/fpu/crt0.o
 .group         0x00000000        0x8 ./Sources/Application.o
 .group         0x00000000        0x8 ./Sources/Application.o
 .group         0x00000000        0x8 ./Sources/Application.o
 .group         0x00000000        0x8 ./Sources/Application.o
 .group         0x00000000        0x8 ./Sources/Application.o
 .group         0x00000000        0x8 ./Sources/Application.o
 .group         0x00000000        0x8 ./Sources/Application.o
 .group         0x00000000        0x8 ./Sources/Application.o
 .group         0x00000000        0x8 ./Sources/Application.o
 .group         0x00000000        0x8 ./Sources/Application.o
 .group         0x00000000        0x8 ./Sources/Application.o
 .group         0x00000000        0x8 ./Sources/Application.o
 .group         0x00000000        0x8 ./Sources/Application.o
 .group         0x00000000        0x8 ./Sources/Application.o
 .group         0x00000000        0x8 ./Sources/Application.o
 .group         0x00000000        0x8 ./Sources/Application.o
 .group         0x00000000        0x8 ./Sources/Application.o
 .group         0x00000000        0x8 ./Sources/Application.o
 .group         0x00000000        0x8 ./Sources/Application.o
 .group         0x00000000        0x8 ./Sources/Application.o
 .group         0x00000000        0x8 ./Sources/Application.o
 .group         0x00000000        0x8 ./Sources/Application.o
 .group         0x00000000        0x8 ./Sources/Application.o
 .group         0x00000000        0x8 ./Sources/Application.o
 .text          0x00000000        0x0 ./Sources/Application.o
 .data          0x00000000        0x0 ./Sources/Application.o
 .bss           0x00000000        0x0 ./Sources/Application.o
 .bss.DataFrameRxFlg
                0x00000000        0x1 ./Sources/Application.o
 .group         0x00000000        0x8 ./Sources/Events.o
 .group         0x00000000        0x8 ./Sources/Events.o
 .group         0x00000000        0x8 ./Sources/Events.o
 .group         0x00000000        0x8 ./Sources/Events.o
 .group         0x00000000        0x8 ./Sources/Events.o
 .group         0x00000000        0x8 ./Sources/Events.o
[...]
Memory Configuration

Name             Origin             Length             Attributes
m_interrupts     0x00000000         0x000001e8         xr
m_text           0x00000410         0x000ffbf0         xr
m_data           0x1fff0000         0x00010000         rw
m_data_20000000  0x20000000         0x00010000         rw
m_cfmprotrom     0x00000400         0x00000010         xr
*default*        0x00000000         0xffffffff

Linker script and memory map

LOAD /opt/Freescale/KDS_v3/toolchain/bin/../lib/gcc/arm-none-eabi/4.9.3/armv7e-m/fpu/crti.o
LOAD /opt/Freescale/KDS_v3/toolchain/bin/../lib/gcc/arm-none-eabi/4.9.3/armv7e-m/fpu/crtbegin.o
LOAD /opt/Freescale/KDS_v3/toolchain/bin/../lib/gcc/arm-none-eabi/4.9.3/../../../../arm-none-eabi/lib/armv7e-m/fpu/crt0.o
LOAD ./Sources/Application.o
LOAD ./Sources/Events.o
LOAD ./Sources/can_events.o
LOAD ./Sources/main.o
LOAD ./Sources/timer_events.o
LOAD ./Sources/uart_events.o
LOAD ./Project_Settings/Startup_Code/startup.o
LOAD ./Generated_Code/AS1.o
LOAD ./Generated_Code/CAN1.o
LOAD ./Generated_Code/CAN_RxBuff.o
LOAD ./Generated_Code/CS1.o
LOAD ./Generated_Code/CS2.o
LOAD ./Generated_Code/Cpu.o
LOAD ./Generated_Code/GREENLED.o
LOAD ./Generated_Code/KSDK1.o
LOAD ./Generated_Code/PE_LDD.o
LOAD ./Generated_Code/TU1.o
LOAD ./Generated_Code/UART_RxBuff.o
LOAD ./Generated_Code/Vectors.o
LOAD /opt/Freescale/KDS_v3/toolchain/bin/../lib/gcc/arm-none-eabi/4.9.3/../../../../arm-none-eabi/lib/armv7e-m/fpu/libstdc++_nano.a
LOAD /opt/Freescale/KDS_v3/toolchain/bin/../lib/gcc/arm-none-eabi/4.9.3/../../../../arm-none-eabi/lib/armv7e-m/fpu/libm.a
START GROUP
LOAD /opt/Freescale/KDS_v3/toolchain/bin/../lib/gcc/arm-none-eabi/4.9.3/armv7e-m/fpu/libgcc.a
LOAD /opt/Freescale/KDS_v3/toolchain/bin/../lib/gcc/arm-none-eabi/4.9.3/../../../../arm-none-eabi/lib/armv7e-m/fpu/libg_nano.a
LOAD /opt/Freescale/KDS_v3/toolchain/bin/../lib/gcc/arm-none-eabi/4.9.3/../../../../arm-none-eabi/lib/armv7e-m/fpu/libc_nano.a
END GROUP
START GROUP
LOAD /opt/Freescale/KDS_v3/toolchain/bin/../lib/gcc/arm-none-eabi/4.9.3/armv7e-m/fpu/libgcc.a
LOAD /opt/Freescale/KDS_v3/toolchain/bin/../lib/gcc/arm-none-eabi/4.9.3/../../../../arm-none-eabi/lib/armv7e-m/fpu/libc_nano.a
LOAD /opt/Freescale/KDS_v3/toolchain/bin/../lib/gcc/arm-none-eabi/4.9.3/../../../../arm-none-eabi/lib/armv7e-m/fpu/libnosys.a
END GROUP
START GROUP
LOAD /opt/Freescale/KDS_v3/toolchain/bin/../lib/gcc/arm-none-eabi/4.9.3/armv7e-m/fpu/libgcc.a
LOAD /opt/Freescale/KDS_v3/toolchain/bin/../lib/gcc/arm-none-eabi/4.9.3/../../../../arm-none-eabi/lib/armv7e-m/fpu/libc_nano.a
LOAD /opt/Freescale/KDS_v3/toolchain/bin/../lib/gcc/arm-none-eabi/4.9.3/../../../../arm-none-eabi/lib/armv7e-m/fpu/libnosys.a
END GROUP
LOAD /opt/Freescale/KDS_v3/toolchain/bin/../lib/gcc/arm-none-eabi/4.9.3/armv7e-m/fpu/crtend.o
LOAD /opt/Freescale/KDS_v3/toolchain/bin/../lib/gcc/arm-none-eabi/4.9.3/armv7e-m/fpu/crtn.o
                0x20000000                _estack = 0x20000000
                0x20000000                __SP_INIT = _estack
                0x20000000                __stack = _estack
                0x00000000                __heap_size = 0x0
                0x00000400                __stack_size = 0x400

.interrupts     0x00000000      0x1e8
                0x00000000                __vector_table = .
                0x00000000                . = ALIGN (0x4)
 *(.vectortable)
 .vectortable   0x00000000      0x1e8 ./Generated_Code/Vectors.o
                0x00000000                __vect_table
                0x000001e8                . = ALIGN (0x4)

.cfmprotect     0x00000400       0x10
                0x00000400                . = ALIGN (0x4)
 *(.cfmconfig)
 .cfmconfig     0x00000400       0x10 ./Generated_Code/Cpu.o
                0x00000400                _cfm
                0x00000410                . = ALIGN (0x4)

.text           0x00000410     0x1bd0
                0x00000410                . = ALIGN (0x4)
 *(.text)
 .text          0x00000410       0x5c /opt/Freescale/KDS_v3/toolchain/bin/../lib/gcc/arm-none-eabi/4.9.3/armv7e-m/fpu/crtbegin.o
 .text          0x0000046c       0x74 /opt/Freescale/KDS_v3/toolchain/bin/../lib/gcc/arm-none-eabi/4.9.3/../../../../arm-none-eabi/lib/armv7e-m/fpu/crt0.o
                0x0000046c                _mainCRTStartup
                0x0000046c                _start
 *(.text*)
 .text.SendChar
                0x000004e0       0x3c ./Sources/Application.o
 .text.SendString
                0x0000051c       0x2c ./Sources/Application.o
 .text.Init     0x00000548       0x74 ./Sources/Application.o
 .text.APP_Run  0x000005bc       0xc8 ./Sources/Application.o
                0x000005bc                APP_Run
 .text.Cpu_OnNMIINT
                0x00000684        0xc ./Sources/Events.o
                0x00000684                Cpu_OnNMIINT
 .text.CAN1_OnFreeTxBuffer
                0x00000690       0x20 ./Sources/can_events.o
                0x00000690                CAN1_OnFreeTxBuffer
 .text.CAN1_OnFullRxBuffer
                0x000006b0       0x44 ./Sources/can_events.o
                0x000006b0                CAN1_OnFullRxBuffer
 .text.main     0x000006f4       0x10 ./Sources/main.o
                0x000006f4                main
 .text.TU1_OnCounterRestart
                0x00000704       0x1c ./Sources/timer_events.o
                0x00000704                TU1_OnCounterRestart
 .text.AS1_OnBlockReceived
                0x00000720       0x30 ./Sources/uart_events.o
                0x00000720                AS1_OnBlockReceived
 .text.AS1_OnBlockSent
                0x00000750       0x1c ./Sources/uart_events.o
                0x00000750                AS1_OnBlockSent
 .text.__copy_rom_section
                0x0000076c       0xe4 ./Project_Settings/Startup_Code/startup.o
                0x0000076c                __copy_rom_section
 .text.__copy_rom_sections_to_ram
                0x00000850       0x9c ./Project_Settings/Startup_Code/startup.o
                0x00000850                __copy_rom_sections_to_ram
 .text.__init_registers
                0x000008ec       0x20 ./Project_Settings/Startup_Code/startup.o
                0x000008ec                __init_registers
 .text.__init_user
                0x0000090c        0xc ./Project_Settings/Startup_Code/startup.o
                0x0000090c                __init_user
 .text.__thumb_startup
                0x00000918       0x34 ./Project_Settings/Startup_Code/startup.o
                0x00000918                __thumb_startup
 .text.AS1_Init
                0x0000094c      0x1b4 ./Generated_Code/AS1.o
                0x0000094c                AS1_Init
 .text.AS1_ReceiveBlock
                0x00000b00       0x90 ./Generated_Code/AS1.o
                0x00000b00                AS1_ReceiveBlock
 .text.AS1_SendBlock
                0x00000b90       0xbc ./Generated_Code/AS1.o
                0x00000b90                AS1_SendBlock
 .text.InterruptRx
                0x00000c4c       0x58 ./Generated_Code/AS1.o
 .text.InterruptTx
                0x00000ca4       0x80 ./Generated_Code/AS1.o
 .text.AS1_Interrupt
                0x00000d24       0x68 ./Generated_Code/AS1.o
                0x00000d24                AS1_Interrupt
 .text.CAN1_Init
                0x00000d8c      0x338 ./Generated_Code/CAN1.o
                0x00000d8c                CAN1_Init
 .text.CAN1_SendFrame
                0x000010c4      0x378 ./Generated_Code/CAN1.o
                0x000010c4                CAN1_SendFrame
 .text.CAN1_ReadFrame
                0x0000143c      0x218 ./Generated_Code/CAN1.o
                0x0000143c                CAN1_ReadFrame
 .text.CAN1_InterruptError
                0x00001654       0x40 ./Generated_Code/CAN1.o
                0x00001654                CAN1_InterruptError
 .text.CAN1_InterruptBusOff
                0x00001694       0x3c ./Generated_Code/CAN1.o
                0x00001694                CAN1_InterruptBusOff
 .text.CAN1_InterruptRxTx
                0x000016d0       0xd0 ./Generated_Code/CAN1.o
                0x000016d0                CAN1_InterruptRxTx
 .text.CAN1_InterruptTxWarn
                0x000017a0       0x3c ./Generated_Code/CAN1.o
                0x000017a0                CAN1_InterruptTxWarn
 .text.CAN1_InterruptRxWarn
                0x000017dc       0x3c ./Generated_Code/CAN1.o
                0x000017dc                CAN1_InterruptRxWarn
 .text.CAN1_InterruptWakeUp
                0x00001818       0x3c ./Generated_Code/CAN1.o
                0x00001818                CAN1_InterruptWakeUp
 .text.CAN_RxBuff_Put
                0x00001854       0x78 ./Generated_Code/CAN_RxBuff.o
                0x00001854                CAN_RxBuff_Put
 .text.CAN_RxBuff_Get
                0x000018cc       0x78 ./Generated_Code/CAN_RxBuff.o
                0x000018cc                CAN_RxBuff_Get
 .text.CAN_RxBuff_NofElements
                0x00001944       0x18 ./Generated_Code/CAN_RxBuff.o
                0x00001944                CAN_RxBuff_NofElements
 .text.CAN_RxBuff_Init
                0x0000195c       0x2c ./Generated_Code/CAN_RxBuff.o
                0x0000195c                CAN_RxBuff_Init
 .text.Cpu_INT_NMIInterrupt
                0x00001988       0x1c ./Generated_Code/Cpu.o
                0x00001988                Cpu_INT_NMIInterrupt
 .text.Cpu_Interrupt
                0x000019a4       0x18 ./Generated_Code/Cpu.o
                0x000019a4                Cpu_Interrupt
 .text.__init_hardware
                0x000019bc      0x150 ./Generated_Code/Cpu.o
                0x000019bc                __init_hardware
 .text.Cpu_SetBASEPRI
                0x00001b0c       0x18 ./Generated_Code/Cpu.o
                0x00001b0c                Cpu_SetBASEPRI
 .text.PE_low_level_init
                0x00001b24      0x100 ./Generated_Code/Cpu.o
                0x00001b24                PE_low_level_init
 .text.GREENLED_Init
                0x00001c24       0x64 ./Generated_Code/GREENLED.o
                0x00001c24                GREENLED_Init
 .text.GREENLED_NegVal
                0x00001c88       0x20 ./Generated_Code/GREENLED.o
                0x00001c88                GREENLED_NegVal
 .text.TU1_Init
                0x00001ca8       0xd4 ./Generated_Code/TU1.o
                0x00001ca8                TU1_Init
 .text.TU1_Interrupt
                0x00001d7c       0x6c ./Generated_Code/TU1.o
                0x00001d7c                TU1_Interrupt
 .text.UART_RxBuff_Put
                0x00001de8       0x78 ./Generated_Code/UART_RxBuff.o
                0x00001de8                UART_RxBuff_Put
 .text.UART_RxBuff_Get
                0x00001e60       0x78 ./Generated_Code/UART_RxBuff.o
                0x00001e60                UART_RxBuff_Get
 .text.UART_RxBuff_NofElements
                0x00001ed8       0x18 ./Generated_Code/UART_RxBuff.o
                0x00001ed8                UART_RxBuff_NofElements
 .text.UART_RxBuff_Init
                0x00001ef0       0x2c ./Generated_Code/UART_RxBuff.o
                0x00001ef0                UART_RxBuff_Init
 .text.exit     0x00001f1c       0x28 /opt/Freescale/KDS_v3/toolchain/bin/../lib/gcc/arm-none-eabi/4.9.3/../../../../arm-none-eabi/lib/armv7e-m/fpu/libg_nano.a(lib_a-exit.o)
                0x00001f1c                exit
 .text.__libc_init_array
                0x00001f44       0x4c /opt/Freescale/KDS_v3/toolchain/bin/../lib/gcc/arm-none-eabi/4.9.3/../../../../arm-none-eabi/lib/armv7e-m/fpu/libg_nano.a(lib_a-init.o)
                0x00001f44                __libc_init_array
 .text.memset   0x00001f90       0x10 /opt/Freescale/KDS_v3/toolchain/bin/../lib/gcc/arm-none-eabi/4.9.3/../../../../arm-none-eabi/lib/armv7e-m/fpu/libg_nano.a(lib_a-memset.o)
                0x00001f90                memset
 .text._exit    0x00001fa0        0x4 /opt/Freescale/KDS_v3/toolchain/bin/../lib/gcc/arm-none-eabi/4.9.3/../../../../arm-none-eabi/lib/armv7e-m/fpu/libnosys.a(_exit.o)
                0x00001fa0                _exit
 *(.rodata)
 .rodata        0x00001fa4       0x1b ./Sources/Application.o
 *(.rodata*)
 .rodata.str1.1
                0x00001fbf        0x2 /opt/Freescale/KDS_v3/toolchain/bin/../lib/gcc/arm-none-eabi/4.9.3/../../../../arm-none-eabi/lib/armv7e-m/fpu/libg_nano.a(lib_a-impure.o)
 *fill*         0x00001fc1        0x3 
 .rodata._global_impure_ptr
                0x00001fc4        0x4 /opt/Freescale/KDS_v3/toolchain/bin/../lib/gcc/arm-none-eabi/4.9.3/../../../../arm-none-eabi/lib/armv7e-m/fpu/libg_nano.a(lib_a-impure.o)
                0x00001fc4                _global_impure_ptr
 *(.glue_7)
 .glue_7        0x00000000        0x0 linker stubs
 *(.glue_7t)
 .glue_7t       0x00000000        0x0 linker stubs
 *(.eh_frame)
 .eh_frame      0x00001fc8        0x0 /opt/Freescale/KDS_v3/toolchain/bin/../lib/gcc/arm-none-eabi/4.9.3/armv7e-m/fpu/crtbegin.o
 *(.init)
 .init          0x00001fc8        0x4 /opt/Freescale/KDS_v3/toolchain/bin/../lib/gcc/arm-none-eabi/4.9.3/armv7e-m/fpu/crti.o
                0x00001fc8                _init
 .init          0x00001fcc        0x8 /opt/Freescale/KDS_v3/toolchain/bin/../lib/gcc/arm-none-eabi/4.9.3/armv7e-m/fpu/crtn.o
 *(.fini)
 .fini          0x00001fd4        0x4 /opt/Freescale/KDS_v3/toolchain/bin/../lib/gcc/arm-none-eabi/4.9.3/armv7e-m/fpu/crti.o
                0x00001fd4                _fini
 .fini          0x00001fd8        0x8 /opt/Freescale/KDS_v3/toolchain/bin/../lib/gcc/arm-none-eabi/4.9.3/armv7e-m/fpu/crtn.o
                0x00001fe0                . = ALIGN (0x4)
                0x00001fe0                _etext = .

.vfp11_veneer   0x00001fe0        0x0
 .vfp11_veneer  0x00000000        0x0 linker stubs

.v4_bx          0x00001fe0        0x0
 .v4_bx         0x00000000        0x0 linker stubs

.iplt           0x00001fe0        0x0
 .iplt          0x00000000        0x0 /opt/Freescale/KDS_v3/toolchain/bin/../lib/gcc/arm-none-eabi/4.9.3/armv7e-m/fpu/crtbegin.o

.ARM.extab
 *(.ARM.extab* .gnu.linkonce.armextab.*)

.ARM            0x00001fe0        0x8
                0x00001fe0                __exidx_start = .
 *(.ARM.exidx*)
 .ARM.exidx     0x00001fe0        0x8 /opt/Freescale/KDS_v3/toolchain/bin/../lib/gcc/arm-none-eabi/4.9.3/../../../../arm-none-eabi/lib/armv7e-m/fpu/crt0.o
                0x00001fe8                __exidx_end = .

.rel.dyn        0x00001fe8        0x0
 .rel.iplt      0x00000000        0x0 /opt/Freescale/KDS_v3/toolchain/bin/../lib/gcc/arm-none-eabi/4.9.3/armv7e-m/fpu/crtbegin.o

.ctors          0x00001fe8        0x0
                0x00001fe8                __CTOR_LIST__ = .
 *crtbegin.o(.ctors)
 *(EXCLUDE_FILE(*crtend.o) .ctors)
 *(SORT(.ctors.*))
 *(.ctors)
                0x00001fe8                __CTOR_END__ = .

.dtors          0x00001fe8        0x0
                0x00001fe8                __DTOR_LIST__ = .
 *crtbegin.o(.dtors)
 *(EXCLUDE_FILE(*crtend.o) .dtors)
 *(SORT(.dtors.*))
 *(.dtors)
                0x00001fe8                __DTOR_END__ = .

.preinit_array  0x00001fe8        0x0
                0x00001fe8                PROVIDE (__preinit_array_start, .)
 *(.preinit_array*)
                0x00001fe8                PROVIDE (__preinit_array_end, .)

.init_array     0x00001fe8        0x4
                0x00001fe8                PROVIDE (__init_array_start, .)
 *(SORT(.init_array.*))
 *(.init_array*)
 .init_array    0x00001fe8        0x4 /opt/Freescale/KDS_v3/toolchain/bin/../lib/gcc/arm-none-eabi/4.9.3/armv7e-m/fpu/crtbegin.o
                0x00001fec                PROVIDE (__init_array_end, .)

.fini_array     0x00001fec        0x4
                0x00001fec                PROVIDE (__fini_array_start, .)
 *(SORT(.fini_array.*))
 *(.fini_array*)
 .fini_array    0x00001fec        0x4 /opt/Freescale/KDS_v3/toolchain/bin/../lib/gcc/arm-none-eabi/4.9.3/armv7e-m/fpu/crtbegin.o
                0x00001ff0                PROVIDE (__fini_array_end, .)
                0x00001ff0                ___ROM_AT = .

.data           0x1fff0000       0x60 load address 0x00001ff0
                0x1fff0000                . = ALIGN (0x4)
                0x1fff0000                _sdata = .
 *(.data)
 *(.data*)
 .data.impure_data
                0x1fff0000       0x60 /opt/Freescale/KDS_v3/toolchain/bin/../lib/gcc/arm-none-eabi/4.9.3/../../../../arm-none-eabi/lib/armv7e-m/fpu/libg_nano.a(lib_a-impure.o)
                0x1fff0060                . = ALIGN (0x4)
                0x1fff0060                _edata = .
                0x00000060                ___data_size = (_edata - _sdata)
                0x00002050                ___m_data_20000000_ROMStart = (___ROM_AT + SIZEOF (.data))

.jcr            0x1fff0060        0x0 load address 0x00002050
 .jcr           0x1fff0060        0x0 /opt/Freescale/KDS_v3/toolchain/bin/../lib/gcc/arm-none-eabi/4.9.3/armv7e-m/fpu/crtbegin.o

.igot.plt       0x1fff0060        0x0 load address 0x00002050
 .igot.plt      0x00000000        0x0 /opt/Freescale/KDS_v3/toolchain/bin/../lib/gcc/arm-none-eabi/4.9.3/armv7e-m/fpu/crtbegin.o

.m_data_20000000
                0x20000000        0x0 load address 0x00002050
                0x20000000                . = ALIGN (0x4)
                0x20000000                ___m_data_20000000_RAMStart = .
 *(.m_data_20000000)
                0x20000000                ___m_data_20000000_RAMEnd = .
                0x20000000                . = ALIGN (0x4)
                0x00000000                ___m_data_20000000_ROMSize = (___m_data_20000000_RAMEnd - ___m_data_20000000_RAMStart)
                0x20000000                . = ALIGN (0x4)

.bss            0x1fff0060      0x144 load address 0x00002050
                0x1fff0060                __START_BSS = .
                0x1fff0060                PROVIDE (__bss_start__, __START_BSS)
 *(.bss)
 .bss           0x1fff0060       0x1c /opt/Freescale/KDS_v3/toolchain/bin/../lib/gcc/arm-none-eabi/4.9.3/armv7e-m/fpu/crtbegin.o
 *(.bss*)
 .bss.uartData  0x1fff007c        0xc ./Sources/Application.o
 .bss.canData   0x1fff0088        0xc ./Sources/Application.o
 .bss.DeviceDataPrv__DEFAULT_RTOS_ALLOC
                0x1fff0094       0x18 ./Generated_Code/AS1.o
 .bss.INT_UART2_RX_TX__DEFAULT_RTOS_ISRPARAM
                0x1fff00ac        0x4 ./Generated_Code/AS1.o
 .bss.INT_UART2_ERR__DEFAULT_RTOS_ISRPARAM
                0x1fff00b0        0x4 ./Generated_Code/AS1.o
 .bss.DeviceDataPrv__DEFAULT_RTOS_ALLOC
                0x1fff00b4       0x10 ./Generated_Code/CAN1.o
 .bss.INT_CAN1_Error__DEFAULT_RTOS_ISRPARAM
                0x1fff00c4        0x4 ./Generated_Code/CAN1.o
 .bss.INT_CAN1_Bus_Off__DEFAULT_RTOS_ISRPARAM
                0x1fff00c8        0x4 ./Generated_Code/CAN1.o
 .bss.INT_CAN1_ORed_Message_buffer__DEFAULT_RTOS_ISRPARAM
                0x1fff00cc        0x4 ./Generated_Code/CAN1.o
 .bss.INT_CAN1_Tx_Warning__DEFAULT_RTOS_ISRPARAM
                0x1fff00d0        0x4 ./Generated_Code/CAN1.o
 .bss.INT_CAN1_Rx_Warning__DEFAULT_RTOS_ISRPARAM
                0x1fff00d4        0x4 ./Generated_Code/CAN1.o
 .bss.INT_CAN1_Wake_Up__DEFAULT_RTOS_ISRPARAM
                0x1fff00d8        0x4 ./Generated_Code/CAN1.o
 .bss.CAN_RxBuff_buffer
                0x1fff00dc       0x40 ./Generated_Code/CAN_RxBuff.o
 .bss.CAN_RxBuff_inIdx
                0x1fff011c        0x1 ./Generated_Code/CAN_RxBuff.o
 .bss.CAN_RxBuff_outIdx
                0x1fff011d        0x1 ./Generated_Code/CAN_RxBuff.o
 .bss.CAN_RxBuff_inSize
                0x1fff011e        0x1 ./Generated_Code/CAN_RxBuff.o
 .bss.SR_lock   0x1fff011f        0x1 ./Generated_Code/Cpu.o
                0x1fff011f                SR_lock
 .bss.DeviceDataPrv__DEFAULT_RTOS_ALLOC
                0x1fff0120        0x4 ./Generated_Code/GREENLED.o
 .bss.PE_LDD_DeviceDataList
                0x1fff0124       0x10 ./Generated_Code/PE_LDD.o
                0x1fff0124                PE_LDD_DeviceDataList
 .bss.DeviceDataPrv__DEFAULT_RTOS_ALLOC
                0x1fff0134        0xc ./Generated_Code/TU1.o
 .bss.INT_FTM0__DEFAULT_RTOS_ISRPARAM
                0x1fff0140        0x4 ./Generated_Code/TU1.o
 .bss.UART_RxBuff_buffer
                0x1fff0144       0x40 ./Generated_Code/UART_RxBuff.o
 .bss.UART_RxBuff_inIdx
                0x1fff0184        0x1 ./Generated_Code/UART_RxBuff.o
 .bss.UART_RxBuff_outIdx
                0x1fff0185        0x1 ./Generated_Code/UART_RxBuff.o
 .bss.UART_RxBuff_inSize
                0x1fff0186        0x1 ./Generated_Code/UART_RxBuff.o
 *(COMMON)
 *fill*         0x1fff0187        0x1 
 COMMON         0x1fff0188       0x18 ./Sources/Application.o
                0x1fff0188                Frame
                0x1fff019c                DataFrameTxFlg
                0x1fff019e                Error
 COMMON         0x1fff01a0        0x1 ./Generated_Code/Cpu.o
                0x1fff01a0                SR_reg
                0x1fff01a4                . = ALIGN (0x4)
 *fill*         0x1fff01a1        0x3 
                0x1fff01a4                __END_BSS = .
                0x1fff01a4                PROVIDE (__bss_end__, __END_BSS)
                0x00002050                _romp_at = ((___ROM_AT + SIZEOF (.data)) + SIZEOF (.m_data_20000000))

.romp           0x1fff01a4       0x24 load address 0x00002050
                0x00002050                __S_romp = _romp_at
                0x1fff01a4        0x4 LONG 0x1ff0 ___ROM_AT
                0x1fff01a8        0x4 LONG 0x1fff0000 _sdata
                0x1fff01ac        0x4 LONG 0x60 ___data_size
                0x1fff01b0        0x4 LONG 0x2050 ___m_data_20000000_ROMStart
                0x1fff01b4        0x4 LONG 0x20000000 ___m_data_20000000_RAMStart
                0x1fff01b8        0x4 LONG 0x0 ___m_data_20000000_ROMSize
                0x1fff01bc        0x4 LONG 0x0
                0x1fff01c0        0x4 LONG 0x0
                0x1fff01c4        0x4 LONG 0x0
                0x00100000                text_end = (ORIGIN (m_text) + 0xffbf0)
                0x00002074                data_init_end = ((___m_data_20000000_ROMStart + SIZEOF (.m_data_20000000)) + SIZEOF (.romp))
                0x00000001                ASSERT ((data_init_end <= text_end), region m_text overflowed with text and data)

._user_heap_stack
                0x1fff01c8      0x400 load address 0x00002074
                0x1fff01c8                . = ALIGN (0x4)
                0x1fff01c8                PROVIDE (end, .)
                0x1fff01c8                PROVIDE (_end, .)
                0x1fff01c8                PROVIDE (__end__, .)
                0x1fff01c8                __heap_addr = .
                0x1fff01c8                __HeapBase = .
                0x1fff01c8                . = (. + __heap_size)
                0x1fff01c8                __HeapLimit = .
                0x1fff05c8                . = (. + __stack_size)
 *fill*         0x1fff01c8      0x400 
                0x1fff05c8                . = ALIGN (0x4)

.ARM.attributes
                0x00000000       0x30
 *(.ARM.attributes)
 .ARM.attributes
                0x00000000       0x22 /opt/Freescale/KDS_v3/toolchain/bin/../lib/gcc/arm-none-eabi/4.9.3/armv7e-m/fpu/crti.o
 .ARM.attributes
                0x00000022       0x34 /opt/Freescale/KDS_v3/toolchain/bin/../lib/gcc/arm-none-eabi/4.9.3/armv7e-m/fpu/crtbegin.o
 .ARM.attributes
                0x00000056       0x20 /opt/Freescale/KDS_v3/toolchain/bin/../lib/gcc/arm-none-eabi/4.9.3/../../../../arm-none-eabi/lib/armv7e-m/fpu/crt0.o
 .ARM.attributes
                0x00000076       0x39 ./Sources/Application.o
 .ARM.attributes
                0x000000af       0x39 ./Sources/Events.o
 .ARM.attributes
                0x000000e8       0x39 ./Sources/can_events.o
 .ARM.attributes
                0x00000121       0x39 ./Sources/main.o
 .ARM.attributes
                0x0000015a       0x39 ./Sources/timer_events.o
 .ARM.attributes
                0x00000193       0x39 ./Sources/uart_events.o
 .ARM.attributes
                0x000001cc       0x39 ./Project_Settings/Startup_Code/startup.o
 .ARM.attributes
                0x00000205       0x39 ./Generated_Code/AS1.o
 .ARM.attributes
                0x0000023e       0x39 ./Generated_Code/CAN1.o
 .ARM.attributes
                0x00000277       0x39 ./Generated_Code/CAN_RxBuff.o
 .ARM.attributes
                0x000002b0       0x39 ./Generated_Code/Cpu.o
 .ARM.attributes
                0x000002e9       0x39 ./Generated_Code/GREENLED.o
 .ARM.attributes
                0x00000322       0x39 ./Generated_Code/PE_LDD.o
 .ARM.attributes
                0x0000035b       0x39 ./Generated_Code/TU1.o
 .ARM.attributes
                0x00000394       0x39 ./Generated_Code/UART_RxBuff.o
 .ARM.attributes
                0x000003cd       0x39 ./Generated_Code/Vectors.o
 .ARM.attributes
                0x00000406       0x34 /opt/Freescale/KDS_v3/toolchain/bin/../lib/gcc/arm-none-eabi/4.9.3/../../../../arm-none-eabi/lib/armv7e-m/fpu/libg_nano.a(lib_a-exit.o)
 .ARM.attributes
                0x0000043a       0x34 /opt/Freescale/KDS_v3/toolchain/bin/../lib/gcc/arm-none-eabi/4.9.3/../../../../arm-none-eabi/lib/armv7e-m/fpu/libg_nano.a(lib_a-impure.o)
 .ARM.attributes
                0x0000046e       0x34 /opt/Freescale/KDS_v3/toolchain/bin/../lib/gcc/arm-none-eabi/4.9.3/../../../../arm-none-eabi/lib/armv7e-m/fpu/libg_nano.a(lib_a-init.o)
 .ARM.attributes
                0x000004a2       0x34 /opt/Freescale/KDS_v3/toolchain/bin/../lib/gcc/arm-none-eabi/4.9.3/../../../../arm-none-eabi/lib/armv7e-m/fpu/libg_nano.a(lib_a-memset.o)
 .ARM.attributes
                0x000004d6       0x34 /opt/Freescale/KDS_v3/toolchain/bin/../lib/gcc/arm-none-eabi/4.9.3/../../../../arm-none-eabi/lib/armv7e-m/fpu/libnosys.a(_exit.o)
 .ARM.attributes
                0x0000050a       0x22 /opt/Freescale/KDS_v3/toolchain/bin/../lib/gcc/arm-none-eabi/4.9.3/armv7e-m/fpu/crtn.o
OUTPUT(hello_world.elf elf32-littlearm)

.debug_info     0x00000000     0x440e
 .debug_info    0x00000000      0x37d ./Sources/Application.o
 .debug_info    0x0000037d       0xa7 ./Sources/Events.o
 .debug_info    0x00000424      0x297 ./Sources/can_events.o
 .debug_info    0x000006bb       0x9a ./Sources/main.o
 .debug_info    0x00000755       0xd9 ./Sources/timer_events.o
 .debug_info    0x0000082e      0x180 ./Sources/uart_events.o
 .debug_info    0x000009ae      0x3b0 ./Project_Settings/Startup_Code/startup.o
 .debug_info    0x00000d5e      0xa42 ./Generated_Code/AS1.o
 .debug_info    0x000017a0      0xbb4 ./Generated_Code/CAN1.o
 .debug_info    0x00002354      0x34b ./Generated_Code/CAN_RxBuff.o
 .debug_info    0x0000269f      0xba2 ./Generated_Code/Cpu.o
 .debug_info    0x00003241      0x3d4 ./Generated_Code/GREENLED.o
 .debug_info    0x00003615      0x24d ./Generated_Code/PE_LDD.o
 .debug_info    0x00003862      0x752 ./Generated_Code/TU1.o
 .debug_info    0x00003fb4      0x34b ./Generated_Code/UART_RxBuff.o
 .debug_info    0x000042ff      0x10f ./Generated_Code/Vectors.o

.debug_abbrev   0x00000000     0x132f
 .debug_abbrev  0x00000000      0x172 ./Sources/Application.o
 .debug_abbrev  0x00000172       0x45 ./Sources/Events.o
 .debug_abbrev  0x000001b7      0x133 ./Sources/can_events.o
 .debug_abbrev  0x000002ea       0x47 ./Sources/main.o
 .debug_abbrev  0x00000331       0x89 ./Sources/timer_events.o
 .debug_abbrev  0x000003ba       0xd3 ./Sources/uart_events.o
 .debug_abbrev  0x0000048d      0x189 ./Project_Settings/Startup_Code/startup.o
 .debug_abbrev  0x00000616      0x1db ./Generated_Code/AS1.o
 .debug_abbrev  0x000007f1      0x1e4 ./Generated_Code/CAN1.o
 .debug_abbrev  0x000009d5      0x189 ./Generated_Code/CAN_RxBuff.o
 .debug_abbrev  0x00000b5e      0x185 ./Generated_Code/Cpu.o
 .debug_abbrev  0x00000ce3      0x16e ./Generated_Code/GREENLED.o
 .debug_abbrev  0x00000e51      0x10d ./Generated_Code/PE_LDD.o
 .debug_abbrev  0x00000f5e      0x1a4 ./Generated_Code/TU1.o
 .debug_abbrev  0x00001102      0x189 ./Generated_Code/UART_RxBuff.o
 .debug_abbrev  0x0000128b       0xa4 ./Generated_Code/Vectors.o

.debug_aranges  0x00000000      0x3e8
 .debug_aranges
                0x00000000       0x38 ./Sources/Application.o
 .debug_aranges
                0x00000038       0x28 ./Sources/Events.o
 .debug_aranges
                0x00000060       0x28 ./Sources/can_events.o
 .debug_aranges
                0x00000088       0x20 ./Sources/main.o
 .debug_aranges
                0x000000a8       0x20 ./Sources/timer_events.o
 .debug_aranges
                0x000000c8       0x28 ./Sources/uart_events.o
 .debug_aranges
                0x000000f0       0x50 ./Project_Settings/Startup_Code/startup.o
 .debug_aranges
                0x00000140       0x48 ./Generated_Code/AS1.o
 .debug_aranges
                0x00000188       0x68 ./Generated_Code/CAN1.o
 .debug_aranges
                0x000001f0       0x68 ./Generated_Code/CAN_RxBuff.o
 .debug_aranges
                0x00000258       0x40 ./Generated_Code/Cpu.o
 .debug_aranges
                0x00000298       0x58 ./Generated_Code/GREENLED.o
 .debug_aranges
                0x000002f0       0x30 ./Generated_Code/PE_LDD.o
 .debug_aranges
                0x00000320       0x48 ./Generated_Code/TU1.o
 .debug_aranges
                0x00000368       0x68 ./Generated_Code/UART_RxBuff.o
 .debug_aranges
                0x000003d0       0x18 ./Generated_Code/Vectors.o

.debug_ranges   0x00000000      0x2e0
 .debug_ranges  0x00000000       0x28 ./Sources/Application.o
 .debug_ranges  0x00000028       0x18 ./Sources/Events.o
 .debug_ranges  0x00000040       0x18 ./Sources/can_events.o
 .debug_ranges  0x00000058       0x10 ./Sources/main.o
 .debug_ranges  0x00000068       0x10 ./Sources/timer_events.o
 .debug_ranges  0x00000078       0x18 ./Sources/uart_events.o
 .debug_ranges  0x00000090       0x40 ./Project_Settings/Startup_Code/startup.o
 .debug_ranges  0x000000d0       0x38 ./Generated_Code/AS1.o
 .debug_ranges  0x00000108       0x58 ./Generated_Code/CAN1.o
 .debug_ranges  0x00000160       0x58 ./Generated_Code/CAN_RxBuff.o
 .debug_ranges  0x000001b8       0x30 ./Generated_Code/Cpu.o
 .debug_ranges  0x000001e8       0x48 ./Generated_Code/GREENLED.o
 .debug_ranges  0x00000230       0x20 ./Generated_Code/PE_LDD.o
 .debug_ranges  0x00000250       0x38 ./Generated_Code/TU1.o
 .debug_ranges  0x00000288       0x58 ./Generated_Code/UART_RxBuff.o

.debug_macro    0x00000000    0x36f15
 .debug_macro   0x00000000      0x13a ./Sources/Application.o
 .debug_macro   0x0000013a      0x86e ./Sources/Application.o
 .debug_macro   0x000009a8       0x22 ./Sources/Application.o
 .debug_macro   0x000009ca       0x44 ./Sources/Application.o
 .debug_macro   0x00000a0e       0xe3 ./Sources/Application.o
 .debug_macro   0x00000af1       0x22 ./Sources/Application.o
 .debug_macro   0x00000b13      0x1df ./Sources/Application.o
 .debug_macro   0x00000cf2     0x1816 ./Sources/Application.o
 .debug_macro   0x00002508      0x14e ./Sources/Application.o
 .debug_macro   0x00002656       0x64 ./Sources/Application.o
 .debug_macro   0x000026ba       0x22 ./Sources/Application.o
 .debug_macro   0x000026dc       0x22 ./Sources/Application.o
 .debug_macro   0x000026fe    0x174c1 ./Sources/Application.o
 .debug_macro   0x00019bbf       0x9a ./Sources/Application.o
 .debug_macro   0x00019c59       0x28 ./Sources/Application.o
 .debug_macro   0x00019c81       0x2e ./Sources/Application.o
 .debug_macro   0x00019caf       0x94 ./Sources/Application.o
 .debug_macro   0x00019d43      0x6a0 ./Sources/Application.o
 .debug_macro   0x0001a3e3       0x71 ./Sources/Application.o
 .debug_macro   0x0001a454      0x132 ./Sources/Application.o
 .debug_macro   0x0001a586       0x52 ./Sources/Application.o
 .debug_macro   0x0001a5d8       0x50 ./Sources/Application.o
 .debug_macro   0x0001a628       0x23 ./Sources/Application.o
 .debug_macro   0x0001a64b       0x12 ./Sources/Application.o
 .debug_macro   0x0001a65d       0x23 ./Sources/Application.o
 .debug_macro   0x0001a680      0x172 ./Sources/Events.o
 .debug_macro   0x0001a7f2       0x94 ./Sources/Events.o
 .debug_macro   0x0001a886       0x2e ./Sources/Events.o
 .debug_macro   0x0001a8b4       0x1d ./Sources/Events.o
 .debug_macro   0x0001a8d1       0x1d ./Sources/Events.o
 .debug_macro   0x0001a8ee      0x19e ./Sources/can_events.o
 .debug_macro   0x0001aa8c      0x19e ./Sources/main.o
 .debug_macro   0x0001ac2a      0x172 ./Sources/timer_events.o
 .debug_macro   0x0001ad9c      0x19e ./Sources/uart_events.o
 .debug_macro   0x0001af3a      0x139 ./Project_Settings/Startup_Code/startup.o
 .debug_macro   0x0001b073       0x58 ./Project_Settings/Startup_Code/startup.o
 .debug_macro   0x0001b0cb       0x35 ./Project_Settings/Startup_Code/startup.o
 .debug_macro   0x0001b100       0x9c ./Project_Settings/Startup_Code/startup.o
 .debug_macro   0x0001b19c      0x166 ./Project_Settings/Startup_Code/startup.o
 .debug_macro   0x0001b302       0x4a ./Project_Settings/Startup_Code/startup.o
 .debug_macro   0x0001b34c       0x52 ./Project_Settings/Startup_Code/startup.o
 .debug_macro   0x0001b39e       0x16 ./Project_Settings/Startup_Code/startup.o
 .debug_macro   0x0001b3b4       0x43 ./Project_Settings/Startup_Code/startup.o
 .debug_macro   0x0001b3f7      0x180 ./Project_Settings/Startup_Code/startup.o
 .debug_macro   0x0001b577      0x29d ./Project_Settings/Startup_Code/startup.o
 .debug_macro   0x0001b814       0x10 ./Project_Settings/Startup_Code/startup.o
 .debug_macro   0x0001b824       0x35 ./Project_Settings/Startup_Code/startup.o
 .debug_macro   0x0001b859       0x16 ./Project_Settings/Startup_Code/startup.o
 .debug_macro   0x0001b86f       0x22 ./Project_Settings/Startup_Code/startup.o
 .debug_macro   0x0001b891       0x16 ./Project_Settings/Startup_Code/startup.o
 .debug_macro   0x0001b8a7    0x174af ./Project_Settings/Startup_Code/startup.o
 .debug_macro   0x00032d56      0x187 ./Generated_Code/AS1.o
 .debug_macro   0x00032edd       0x4a ./Generated_Code/AS1.o
 .debug_macro   0x00032f27      0x7bf ./Generated_Code/AS1.o
 .debug_macro   0x000336e6      0xa7c ./Generated_Code/AS1.o
 .debug_macro   0x00034162      0x196 ./Generated_Code/CAN1.o
 .debug_macro   0x000342f8      0x625 ./Generated_Code/CAN1.o
 .debug_macro   0x0003491d      0x4ea ./Generated_Code/CAN1.o
 .debug_macro   0x00034e07       0xc7 ./Generated_Code/CAN_RxBuff.o
 .debug_macro   0x00034ece     0x181c ./Generated_Code/CAN_RxBuff.o
 .debug_macro   0x000366ea      0x180 ./Generated_Code/Cpu.o
 .debug_macro   0x0003686a       0xb8 ./Generated_Code/GREENLED.o
 .debug_macro   0x00036922      0x12c ./Generated_Code/GREENLED.o
 .debug_macro   0x00036a4e      0x128 ./Generated_Code/PE_LDD.o
 .debug_macro   0x00036b76      0x158 ./Generated_Code/TU1.o
 .debug_macro   0x00036cce       0xc7 ./Generated_Code/UART_RxBuff.o
 .debug_macro   0x00036d95      0x180 ./Generated_Code/Vectors.o

.debug_line     0x00000000     0x3d93
 .debug_line    0x00000000      0x3d1 ./Sources/Application.o
 .debug_line    0x000003d1      0x381 ./Sources/Events.o
 .debug_line    0x00000752      0x3a9 ./Sources/can_events.o
 .debug_line    0x00000afb      0x393 ./Sources/main.o
 .debug_line    0x00000e8e      0x377 ./Sources/timer_events.o
 .debug_line    0x00001205      0x3a8 ./Sources/uart_events.o
 .debug_line    0x000015ad      0x3a2 ./Project_Settings/Startup_Code/startup.o
 .debug_line    0x0000194f      0x4a4 ./Generated_Code/AS1.o
 .debug_line    0x00001df3      0x5c9 ./Generated_Code/CAN1.o
 .debug_line    0x000023bc      0x337 ./Generated_Code/CAN_RxBuff.o
 .debug_line    0x000026f3      0x4c9 ./Generated_Code/Cpu.o
 .debug_line    0x00002bbc      0x316 ./Generated_Code/GREENLED.o
 .debug_line    0x00002ed2      0x33c ./Generated_Code/PE_LDD.o
 .debug_line    0x0000320e      0x410 ./Generated_Code/TU1.o
 .debug_line    0x0000361e      0x339 ./Generated_Code/UART_RxBuff.o
 .debug_line    0x00003957      0x43c ./Generated_Code/Vectors.o

.debug_str      0x00000000    0xafdbb
 .debug_str     0x00000000    0x94d39 ./Sources/Application.o
                              0x94ee9 (size before relaxing)
 .debug_str     0x00094d39       0x6a ./Sources/Events.o
                              0x94d74 (size before relaxing)
 .debug_str     0x00094da3       0x75 ./Sources/can_events.o
                              0x94f02 (size before relaxing)
 .debug_str     0x00094e18       0x17 ./Sources/main.o
                              0x94d7c (size before relaxing)
 .debug_str     0x00094e2f       0x45 ./Sources/timer_events.o
                              0x94db8 (size before relaxing)
 .debug_str     0x00094e74       0x3d ./Sources/uart_events.o
                              0x94e10 (size before relaxing)
 .debug_str     0x00094eb1     0x264e ./Project_Settings/Startup_Code/startup.o
                              0x855cf (size before relaxing)
 .debug_str     0x000974ff     0xee2a ./Generated_Code/AS1.o
                              0xa3c13 (size before relaxing)
 .debug_str     0x000a6329     0x9046 ./Generated_Code/CAN1.o
                              0x9e093 (size before relaxing)
 .debug_str     0x000af36f      0x1f7 ./Generated_Code/CAN_RxBuff.o
                              0x8ad8e (size before relaxing)
 .debug_str     0x000af566      0x1fe ./Generated_Code/Cpu.o
                              0x95185 (size before relaxing)
 .debug_str     0x000af764      0x111 ./Generated_Code/GREENLED.o
                              0x8b988 (size before relaxing)
 .debug_str     0x000af875      0x172 ./Generated_Code/PE_LDD.o
                              0x94eed (size before relaxing)
 .debug_str     0x000af9e7      0x1c8 ./Generated_Code/TU1.o
                              0x950e5 (size before relaxing)
 .debug_str     0x000afbaf      0x1f0 ./Generated_Code/UART_RxBuff.o
                              0x8ada7 (size before relaxing)
 .debug_str     0x000afd9f       0x1c ./Generated_Code/Vectors.o
                              0x94db2 (size before relaxing)

.comment        0x00000000       0x70
 .comment       0x00000000       0x70 ./Sources/Application.o
                                 0x71 (size before relaxing)
 .comment       0x00000000       0x71 ./Sources/Events.o
 .comment       0x00000000       0x71 ./Sources/can_events.o
 .comment       0x00000000       0x71 ./Sources/main.o
 .comment       0x00000000       0x71 ./Sources/timer_events.o
 .comment       0x00000000       0x71 ./Sources/uart_events.o
 .comment       0x00000000       0x71 ./Project_Settings/Startup_Code/startup.o
 .comment       0x00000000       0x71 ./Generated_Code/AS1.o
 .comment       0x00000000       0x71 ./Generated_Code/CAN1.o
 .comment       0x00000000       0x71 ./Generated_Code/CAN_RxBuff.o
 .comment       0x00000000       0x71 ./Generated_Code/Cpu.o
 .comment       0x00000000       0x71 ./Generated_Code/GREENLED.o
 .comment       0x00000000       0x71 ./Generated_Code/PE_LDD.o
 .comment       0x00000000       0x71 ./Generated_Code/TU1.o
 .comment       0x00000000       0x71 ./Generated_Code/UART_RxBuff.o
 .comment       0x00000000       0x71 ./Generated_Code/Vectors.o

.debug_frame    0x00000000      0xce0
 .debug_frame   0x00000000       0x94 ./Sources/Application.o
 .debug_frame   0x00000094       0x50 ./Sources/Events.o
 .debug_frame   0x000000e4       0x5c ./Sources/can_events.o
 .debug_frame   0x00000140       0x2c ./Sources/main.o
 .debug_frame   0x0000016c       0x34 ./Sources/timer_events.o
 .debug_frame   0x000001a0       0x5c ./Sources/uart_events.o
 .debug_frame   0x000001fc       0xec ./Project_Settings/Startup_Code/startup.o
 .debug_frame   0x000002e8      0x108 ./Generated_Code/AS1.o
 .debug_frame   0x000003f0      0x1c0 ./Generated_Code/CAN1.o
 .debug_frame   0x000005b0      0x17c ./Generated_Code/CAN_RxBuff.o
 .debug_frame   0x0000072c       0xc8 ./Generated_Code/Cpu.o
 .debug_frame   0x000007f4      0x150 ./Generated_Code/GREENLED.o
 .debug_frame   0x00000944       0x84 ./Generated_Code/PE_LDD.o
 .debug_frame   0x000009c8      0x108 ./Generated_Code/TU1.o
 .debug_frame   0x00000ad0      0x17c ./Generated_Code/UART_RxBuff.o
 .debug_frame   0x00000c4c       0x28 /opt/Freescale/KDS_v3/toolchain/bin/../lib/gcc/arm-none-eabi/4.9.3/../../../../arm-none-eabi/lib/armv7e-m/fpu/libg_nano.a(lib_a-exit.o)
 .debug_frame   0x00000c74       0x2c /opt/Freescale/KDS_v3/toolchain/bin/../lib/gcc/arm-none-eabi/4.9.3/../../../../arm-none-eabi/lib/armv7e-m/fpu/libg_nano.a(lib_a-init.o)
 .debug_frame   0x00000ca0       0x20 /opt/Freescale/KDS_v3/toolchain/bin/../lib/gcc/arm-none-eabi/4.9.3/../../../../arm-none-eabi/lib/armv7e-m/fpu/libg_nano.a(lib_a-memset.o)
 .debug_frame   0x00000cc0       0x20 /opt/Freescale/KDS_v3/toolchain/bin/../lib/gcc/arm-none-eabi/4.9.3/../../../../arm-none-eabi/lib/armv7e-m/fpu/libnosys.a(_exit.o)
